2026/08/05 02:12:42 NOTICE: zknexus-gdrive: This remote uses rclone's shared Google Drive client_id, which is being retired and will stop working during 2026. Create your own client_id to avoid interruption: https://rclone.org/drive/#making-your-own-client-id
2026/08/05 02:12:44 INFO  : 00_Command Center: Set directory modification time (using SetModTime)
2026/08/05 02:12:44 INFO  : 01_Business: Set directory modification time (using SetModTime)
2026/08/05 02:12:45 INFO  : 02_Projects: Set directory modification time (using SetModTime)
2026/08/05 02:12:45 INFO  : .editorconfig: Copied (new)
2026/08/05 02:12:45 INFO  : .nojekyll: Copied (new)
2026/08/05 02:12:45 INFO  : 08_Logs: Set directory modification time (using SetModTime)
2026/08/05 02:12:46 INFO  : 02_Projects/Active: Set directory modification time (using SetModTime)
2026/08/05 02:12:48 INFO  : 07_Templates/Template-Index.md: Copied (new)
2026/08/05 02:12:48 INFO  : PROJECT.md: Copied (new)
2026/08/05 02:12:48 INFO  : index.html: Copied (new)
2026/08/05 02:12:48 INFO  : zk-nexus-gdrive-setup.ps1: Copied (new)
2026/08/05 02:12:49 INFO  : report.json: Copied (new)
2026/08/05 02:12:49 INFO  : validate-zns.ps1: Copied (new)
2026/08/05 02:12:49 INFO  : 99_Archive/Archive-Index.md: Copied (new)
2026/08/05 02:12:49 INFO  : README.md: Copied (new)
2026/08/05 02:12:51 INFO  : 04_Workforce/AI-Onboarding-Protocol.md: Copied (new)
2026/08/05 02:12:54 INFO  : 04_Workforce/Department-Breakdown.md: Copied (new)
2026/08/05 02:12:54 INFO  : 04_Workforce/Agent-Schedules.md: Copied (new)
2026/08/05 02:12:54 INFO  : .github/workflows/static.yml: Copied (new)
2026/08/05 02:12:54 INFO  : 04_Workforce/AI-Worker-Registry.md: Copied (new)
2026/08/05 02:12:54 INFO  : 04_Workforce/AI/AI-001_ZK-Architect.md: Copied (new)
2026/08/05 02:12:55 INFO  : 04_Workforce/Role-Definitions.md: Copied (new)
2026/08/05 02:12:55 INFO  : 04_Workforce/AI/AI-002_ZK-Operator.md: Copied (new)
2026/08/05 02:12:55 INFO  : 04_Workforce/AI/AI-003_ZK-Knowledge.md: Copied (new)
2026/08/05 02:12:56 INFO  : 04_Workforce/Constitution/AI-Worker-Constitution.md: Copied (new)
2026/08/05 02:12:56 INFO  : 04_Workforce/AI/AI-004_ZK-Creator.md: Copied (new)
2026/08/05 02:12:57 INFO  : 04_Workforce/AI/AI-005_ZK-Developer.md: Copied (new)
2026/08/05 02:12:57 INFO  : 99_Archive/Previous-Versions/web-app-backend.gs: Copied (new)
2026/08/05 02:12:58 INFO  : 04_Workforce/Constitution/EMPIRE_OPERATING_SYSTEM.md: Copied (new)
2026/08/05 02:12:59 INFO  : 99_Archive/ZK-Nexus-Legacy/check_unclosed_divs.ps1: Copied (new)
2026/08/05 02:12:59 INFO  : 99_Archive/ZK-Nexus-Legacy/.editorconfig: Copied (new)
2026/08/05 02:12:59 INFO  : 99_Archive/ZK-Nexus-Legacy/check_div_414.ps1: Copied (new)
2026/08/05 02:12:59 INFO  : 99_Archive/ZK-Nexus-Legacy/test.hta: Copied (new)
2026/08/05 02:13:00 INFO  : 99_Archive/ZK-Nexus-Legacy/test2.js: Copied (new)
2026/08/05 02:13:00 INFO  : 99_Archive/ZK-Nexus-Legacy/test.js: Copied (new)
2026/08/05 02:13:00 INFO  : 99_Archive/ZK-Nexus-Legacy/find_extra_div.ps1: Copied (new)
2026/08/05 02:13:00 INFO  : 99_Archive/ZK-Nexus-Legacy/trace_divs.ps1: Copied (new)
2026/08/05 02:13:34 INFO  : 99_Archive/Legacy-GAS-Code/.claspignore: Copied (new)
2026/08/05 02:13:34 INFO  : 03_Knowledge/Research-Backlog.md: Copied (new)
2026/08/05 02:13:34 INFO  : 99_Archive/Legacy-GAS-Code/appsscript.json: Copied (new)
2026/08/05 02:13:34 INFO  : 99_Archive/Legacy-GAS-Code/gas-code-optimized.js: Copied (new)
2026/08/05 02:13:34 INFO  : 99_Archive/Legacy-GAS-Code/.clasp.json: Copied (new)
2026/08/05 02:13:34 INFO  : 99_Archive/Previous-Versions/web-app-setup-minimal.gs: Copied (new)
2026/08/05 02:13:34 INFO  : 03_Knowledge/Knowledge-Index.md: Copied (new)
2026/08/05 02:13:35 INFO  : 99_Archive/Previous-Versions/web-app-main.gs: Copied (new)
2026/08/05 02:13:37 INFO  : 99_Archive/ZK-Nexus-Legacy/01_Dashboard/Dashboard.md: Copied (new)
2026/08/05 02:13:37 INFO  : 99_Archive/Legacy-GAS-Code/setup_sheets_helper.gs: Copied (new)
2026/08/05 02:13:37 INFO  : 99_Archive/ZK-Nexus-Legacy/01_Dashboard/ZK Nexus Guide.md: Copied (new)
2026/08/05 02:13:38 INFO  : 06_Resources/Asset-Catalog.md: Copied (new)
2026/08/05 02:13:38 INFO  : 99_Archive/ZK-Nexus-Legacy/01_Dashboard/ZK Nexus Master Index.md: Copied (new)
2026/08/05 02:13:39 INFO  : 04_Workforce/Roles/ROL-002-CMO.md: Copied (new)
2026/08/05 02:13:39 INFO  : 04_Workforce/Roles/ROL-003-CTO.md: Copied (new)
2026/08/05 02:13:39 INFO  : 04_Workforce/Roles/ROL-001-COO.md: Copied (new)
2026/08/05 02:13:40 INFO  : 04_Workforce/Roles/ROL-004-CPO.md: Copied (new)
2026/08/05 02:13:41 INFO  : 99_Archive/ZK-Nexus-Legacy/02_AI_Workers/AI Worker Rules.md: Copied (new)
2026/08/05 02:13:41 INFO  : 99_Archive/ZK-Nexus-Legacy/02_AI_Workers/AI Operating System.md: Copied (new)
2026/08/05 02:13:42 INFO  : 99_Archive/ZK-Nexus-Legacy/02_AI_Workers/AI Worker Constitution.md: Copied (new)
2026/08/05 02:13:43 INFO  : 04_Workforce/Rules/AI-Worker-Rules.md: Copied (new)
2026/08/05 02:13:43 INFO  : 04_Workforce/Rules/AI_WORKING_RULES.md: Copied (new)
2026/08/05 02:13:44 INFO  : 07_Templates/Email/TMP-002_Email_SDR-Outreach.md: Copied (new)
2026/08/05 02:13:45 INFO  : 99_Archive/ZK-Nexus-Legacy/09_Automation/ZK Nexus Workflow.md: Copied (new)
2026/08/05 02:13:47 INFO  : 04_Workforce/AI-OS/AI-Operating-System.md: Copied (new)
2026/08/05 02:13:49 INFO  : 07_Templates/Proposal/TMP-001_Proposal_SDR-Pilot.md: Copied (new)
2026/08/05 02:13:50 INFO  : 07_Templates/Prompt/TMP-003_Prompt_CEO-Operating-Prompt.md: Copied (new)
2026/08/05 02:13:50 INFO  : 07_Templates/Prompt/TMP-006_Prompt_B2B-Cold-Outreach-Copywriter.md: Copied (new)
2026/08/05 02:13:51 INFO  : 07_Templates/Spreadsheet/TMP-005_Client-Lead-Database.md: Copied (new)
2026/08/05 02:13:53 INFO  : 99_Archive/ZK-Nexus-Legacy/04_SOP/SOP/AI_WORKING_RULES.md: Copied (new)
2026/08/05 02:13:53 INFO  : 99_Archive/ZK-Nexus-Legacy/04_SOP/SOP/EMPIRE_OPERATING_SYSTEM.md: Copied (new)
2026/08/05 02:13:54 INFO  : 05_Systems/Integration-Map.md: Copied (new)
2026/08/05 02:13:55 INFO  : 05_Systems/Systems-Inventory.md: Copied (new)
2026/08/05 02:13:56 INFO  : 03_Knowledge/Finance/FINANCE_SYSTEM.md: Copied (new)
2026/08/05 02:13:57 INFO  : 03_Knowledge/Legal/LEGAL_SYSTEM.md: Copied (new)
2026/08/05 02:13:58 INFO  : 03_Knowledge/Marketing/MARKETING_SYSTEM.md: Copied (new)
2026/08/05 02:13:58 INFO  : 03_Knowledge/Marketing/PROJECT_TRACKER.md: Copied (new)
2026/08/05 02:13:59 INFO  : 07_Templates/Reports/TMP-005-Client-Weekly-Dashboard.html: Copied (new)
2026/08/05 02:14:00 INFO  : 07_Templates/SOP/TMP-004_Lead-Qualification-Checklist.md: Copied (new)
2026/08/05 02:14:42 INFO  : 03_Knowledge/Sales/SOP-SDR-002_Lead-Enrichment-Qualification.md: Copied (new)
2026/08/05 02:14:42 INFO  : 03_Knowledge/Sales/SOP-SDR-001_WhatsApp-Outreach.md: Copied (new)
2026/08/05 02:14:42 INFO  : 03_Knowledge/Sales/SOP-SDR-003_Cadence-And-Follow-Up.md: Copied (new)
2026/08/05 02:14:44 INFO  : 99_Archive/Completed-Projects/PRJ-004_Sales-Engine/project-report.md: Copied (new)
2026/08/05 02:14:45 INFO  : 99_Archive/ZK-Nexus-Legacy/06_Templates/Prompt-Library/CEO-Operating-Prompt.md: Copied (new)
2026/08/05 02:14:46 INFO  : 03_Knowledge/SOPs/SOP-001-Lead-Qualification.md: Copied (new)
2026/08/05 02:14:46 INFO  : 03_Knowledge/SOPs/SOP-002-Client-Onboarding.md: Copied (new)
2026/08/05 02:14:46 INFO  : 03_Knowledge/SOPs/SOP-003-Daily-Control-Loop.md: Copied (new)
2026/08/05 02:14:47 INFO  : 99_Archive/ZK-Nexus-Legacy/06_Templates/Prompt-Library/README.md: Copied (new)
2026/08/05 02:14:48 INFO  : 99_Archive/Completed-Projects/PRJ-002_Workspace-Cleanup/project-report.md: Copied (new)
2026/08/05 02:14:48 INFO  : 99_Archive/Completed-Projects/PRJ-002_Workspace-Cleanup/project-charter.md: Copied (new)
2026/08/05 02:14:48 INFO  : 05_Systems/Database/benchmark_100k_db_engine.js: Copied (new)
2026/08/05 02:14:50 INFO  : 05_Systems/Database/test_db_engine.js: Copied (new)
2026/08/05 02:14:50 INFO  : 05_Systems/Integrations/Google-Drive-Workspace-Bridge.md: Copied (new)
2026/08/05 02:14:50 INFO  : 05_Systems/Database/client_leads.db: Copied (new)
2026/08/05 02:14:50 INFO  : 05_Systems/Database/cloud_sync_bridge.js: Copied (new)
2026/08/05 02:14:50 INFO  : 05_Systems/Database/db_engine.js: Copied (new)
2026/08/05 02:14:51 INFO  : 05_Systems/Automation/BROWSER_CONFIG.md: Copied (new)
2026/08/05 02:14:52 INFO  : 05_Systems/Automation/ZK-Nexus-Workflow.md: Copied (new)
2026/08/05 02:14:52 INFO  : 05_Systems/Automation/brave_whatsapp_dispatcher.js: Copied (new)
2026/08/05 02:14:53 INFO  : 05_Systems/Ingestion/csv_excel_parser.js: Copied (new)
2026/08/05 02:14:54 INFO  : 05_Systems/Automation/open_brave_whatsapp.bat: Copied (new)
2026/08/05 02:14:54 INFO  : 05_Systems/Automation/run_stage1_outreach.js: Copied (new)
2026/08/05 02:14:54 INFO  : 05_Systems/Databases/NOTION_MULTI_TENANT_CRM_SPEC.md: Copied (new)
2026/08/05 02:14:54 INFO  : 05_Systems/Automation/gemini_spark_integration.js: Copied (new)
2026/08/05 02:14:54 INFO  : 05_Systems/Databases/NOTION_SALES_CRM_FRAMEWORK.md: Copied (new)
2026/08/05 02:14:54 INFO  : 05_Systems/Ingestion/generate_ren_audit_report.js: Copied (new)
2026/08/05 02:14:54 INFO  : 05_Systems/Databases/ZK-DB-Engine-Architecture.md: Copied (new)
2026/08/05 02:14:55 INFO  : 05_Systems/Ingestion/ingestion_engine.js: Copied (new)
2026/08/05 02:14:55 INFO  : 05_Systems/Ingestion/scrape_ren_prospects.js: Copied (new)
2026/08/05 02:14:56 INFO  : 05_Systems/Ingestion/test_ingestion_engine.js: Copied (new)
2026/08/05 02:14:56 INFO  : 05_Systems/Ingestion/webhook_listener.js: Copied (new)
2026/08/05 02:14:56 INFO  : 05_Systems/Databases/zk_crm_engine.js: Copied (new)
2026/08/05 02:14:56 INFO  : 05_Systems/Databases/ren_5000_leads_rnd.json: Copied (new)
2026/08/05 02:14:57 INFO  : 05_Systems/Ingestion/whatsapp_parser.js: Copied (new)
2026/08/05 02:14:57 INFO  : 05_Systems/Databases/zk_db_engine.js: Copied (new)
2026/08/05 02:15:00 INFO  : 99_Archive/ZK-Nexus-Legacy/03_Projects/Digital Products/Kit_Prompt_AI_Pejabat_Malaysia.docx: Copied (new)
2026/08/05 02:15:02 INFO  : 05_Systems/Databases/client_leads_rnd.json: Copied (new)
2026/08/05 02:15:59 INFO  : 99_Archive/ZK-Nexus-Legacy/05_Knowledge/Legal/LEGAL_SYSTEM.md: Copied (new)
2026/08/05 02:16:00 INFO  : 99_Archive/ZK-Nexus-Legacy/05_Knowledge/Marketing/MARKETING_SYSTEM.md: Copied (new)
2026/08/05 02:16:29 INFO  : 06_Resources/Assets/Dashboard/client-dashboard.html: Copied (new)
2026/08/05 02:16:29 INFO  : 06_Resources/Assets/Dashboard/server.js: Copied (new)
2026/08/05 02:16:29 INFO  : 06_Resources/Assets/Dashboard/test_dashboard_server.js: Copied (new)
2026/08/05 02:16:33 INFO  : 99_Archive/Old-Business-Plans/Digital-Products/Products/Kit_Prompt_AI_Pejabat_Malaysia.docx: Copied (new)
2026/08/05 02:16:33 INFO  : 99_Archive/ZK-Nexus-Legacy/05_Knowledge/Finance/FINANCE_SYSTEM.md: Copied (new)
2026/08/05 02:16:34 INFO  : 06_Resources/Promotional-Posters/ZKRO-SDR-Poster-Template.html: Copied (new)
2026/08/05 02:16:34 INFO  : 99_Archive/Completed-Projects/PRJ-001_ZK-RevOps-Migration/migration-summary.md: Copied (new)
2026/08/05 02:16:35 INFO  : 99_Archive/Completed-Projects/PRJ-001_ZK-RevOps-Migration/project-charter.md: Copied (new)
2026/08/05 02:16:36 INFO  : 99_Archive/Completed-Projects/PRJ-003_Business-Readiness/project-charter.md: Copied (new)
2026/08/05 02:16:37 INFO  : 99_Archive/Completed-Projects/PRJ-003_Business-Readiness/project-report.md: Copied (new)
2026/08/05 02:16:38 INFO  : 05_Systems/Scripts/daily-autopilot.ps1: Copied (new)
2026/08/05 02:16:38 INFO  : 05_Systems/Scripts/check-html.ps1: Copied (new)
2026/08/05 02:16:38 INFO  : 05_Systems/Scripts/Google-Apps-Script-Setup.gs: Copied (new)
2026/08/05 02:16:38 INFO  : 05_Systems/Scripts/fix-issues.ps1: Copied (new)
2026/08/05 02:16:38 INFO  : 05_Systems/Scripts/fix-zns-frontmatter.ps1: Copied (new)
2026/08/05 02:16:39 INFO  : 05_Systems/Scripts/full_system_audit.ps1: Copied (new)
2026/08/05 02:16:39 INFO  : 05_Systems/Scripts/generate-daily-pulse.ps1: Copied (new)
2026/08/05 02:16:40 INFO  : 05_Systems/Scripts/generate_16_9_landscape_banner.js: Copied (new)
2026/08/05 02:16:40 INFO  : 05_Systems/Scripts/generate_minimalist_cards.js: Copied (new)
2026/08/05 02:16:40 INFO  : 05_Systems/Scripts/idea-capture.ps1: Copied (new)
2026/08/05 02:16:40 INFO  : 05_Systems/Scripts/idea-triage-engine.ps1: Copied (new)
2026/08/05 02:16:41 INFO  : 05_Systems/Scripts/inject-triage.ps1: Copied (new)
2026/08/05 02:16:41 INFO  : 05_Systems/Scripts/send-email.ps1: Copied (new)
2026/08/05 02:16:42 INFO  : 05_Systems/Scripts/search_empire_references.js: Copied (new)
2026/08/05 02:16:42 INFO  : 05_Systems/Scripts/run_full_system_audit.js: Copied (new)
2026/08/05 02:16:42 INFO  : 05_Systems/Scripts/setup-task.ps1: Copied (new)
2026/08/05 02:16:42 INFO  : 05_Systems/Scripts/setup_notion_sales_crm.ps1: Copied (new)
2026/08/05 02:16:43 INFO  : 05_Systems/Scripts/sunday-idea-review.ps1: Copied (new)
2026/08/05 02:16:43 INFO  : 05_Systems/Scripts/test-client.js: Copied (new)
2026/08/05 02:16:43 INFO  : 05_Systems/Scripts/test-operator.js: Copied (new)
2026/08/05 02:16:44 INFO  : 05_Systems/Scripts/test-syntax.js: Copied (new)
2026/08/05 02:16:44 INFO  : 05_Systems/Scripts/validate-zns.ps1: Copied (new)
2026/08/05 02:16:45 INFO  : 99_Archive/Old-Business-Plans/Digital-Products/Strategy/Business_Context.md: Copied (new)
2026/08/05 02:16:45 INFO  : 05_Systems/Scripts/validate-zns.py: Copied (new)
2026/08/05 02:16:45 INFO  : 05_Systems/Scripts/validate_zns.py: Copied (new)
2026/08/05 02:16:45 INFO  : 05_Systems/Scripts/whatsapp-idea-listener.js: Copied (new)
2026/08/05 02:16:45 INFO  : 05_Systems/Scripts/workspace-validator.ps1: Copied (new)
2026/08/05 02:16:46 INFO  : 99_Archive/Old-Business-Plans/Digital-Products/Strategy/Launch_Process.md: Copied (new)
2026/08/05 02:16:46 INFO  : 05_Systems/Scripts/daily-pulse.sh: Copied (new)
2026/08/05 02:16:48 INFO  : 99_Archive/Old-Business-Plans/Digital-Products/Strategy/Product_Framework.md: Copied (new)
2026/08/05 02:16:48 INFO  : 05_Systems/App/client-portal.html: Copied (new)
2026/08/05 02:16:49 INFO  : 05_Systems/App/index.html: Copied (new)
2026/08/05 02:16:50 INFO  : 05_Systems/Console-Portal/public/index.html: Copied (new)
2026/08/05 02:16:51 INFO  : 05_Systems/App/operator-console.html: Copied (new)
2026/08/05 02:16:51 INFO  : 99_Archive/ZK-Nexus-Legacy/05_Knowledge/Marketing/Projects/PROJECT_TRACKER.md: Copied (new)
2026/08/05 02:16:52 INFO  : 05_Systems/Console-Portal/public/js/app.js: Copied (new)
2026/08/05 02:16:56 INFO  : 06_Resources/Assets/Banners/catalog_card_01_pilot.jpg: Copied (new)
2026/08/05 02:16:56 INFO  : 06_Resources/Assets/Banners/catalog_card_01_pilot.svg: Copied (new)
2026/08/05 02:16:56 INFO  : 06_Resources/Assets/Banners/catalog_card_02_starter.svg: Copied (new)
2026/08/05 02:16:56 INFO  : 06_Resources/Assets/Banners/catalog_card_02_starter.jpg: Copied (new)
2026/08/05 02:16:57 INFO  : 06_Resources/Assets/Banners/catalog_card_03_growth.jpg: Copied (new)
2026/08/05 02:16:57 INFO  : 06_Resources/Assets/Banners/catalog_card_03_growth.svg: Copied (new)
2026/08/05 02:16:57 INFO  : 06_Resources/Assets/Banners/catalog_card_04_enterprise.jpg: Copied (new)
2026/08/05 02:16:58 INFO  : 06_Resources/Assets/Banners/open_qr_code.html: Copied (new)
2026/08/05 02:16:59 INFO  : 06_Resources/Assets/Banners/cover_banner_16_9_landscape.jpg: Copied (new)
2026/08/05 02:16:59 INFO  : 06_Resources/Assets/Banners/catalog_card_04_enterprise.svg: Copied (new)
2026/08/05 02:16:59 INFO  : 06_Resources/Assets/Banners/cover_banner_16_9_landscape.svg: Copied (new)
2026/08/05 02:16:59 INFO  : 06_Resources/Assets/Banners/wa_catalog_free_trial.jpg: Copied (new)
2026/08/05 02:16:59 INFO  : 06_Resources/Assets/Banners/wa_catalog_tier1_starter.jpg: Copied (new)
2026/08/05 02:17:00 INFO  : 06_Resources/Assets/Banners/wa_catalog_free_trial.svg: Copied (new)
2026/08/05 02:17:01 INFO  : 06_Resources/Assets/Banners/wa_catalog_tier1_starter.svg: Copied (new)
2026/08/05 02:17:38 INFO  : 99_Archive/ZK-Nexus-Legacy/03_Projects/Digital Products/AI_Context/Business_Context.md: Copied (new)
2026/08/05 02:17:38 INFO  : 06_Resources/Assets/Banners/wa_catalog_tier2_growth.svg: Copied (new)
2026/08/05 02:17:38 INFO  : 06_Resources/Assets/Banners/wa_catalog_tier2_growth.jpg: Copied (new)
2026/08/05 02:17:38 INFO  : 06_Resources/Assets/Banners/wa_catalog_tier3_enterprise.svg: Copied (new)
2026/08/05 02:17:38 INFO  : 06_Resources/Assets/Banners/wa_header_cover.svg: Copied (new)
2026/08/05 02:17:38 INFO  : 06_Resources/Assets/Banners/wa_header_cover.jpg: Copied (new)
2026/08/05 02:17:54 INFO  : 05_Systems/Console-Portal/public/css/styles.css: Copied (new)
2026/08/05 02:17:55 INFO  : 99_Archive/ZK-Nexus-Legacy/03_Projects/Digital Products/AI_Context/Product_Framework.md: Copied (new)
2026/08/05 02:17:55 INFO  : 99_Archive/ZK-Nexus-Legacy/03_Projects/Digital Products/AI_Context/Launch_Process.md: Copied (new)
2026/08/05 02:17:56 INFO  : 06_Resources/Assets/Banners/wa_catalog_tier3_enterprise.jpg: Copied (new)
2026/08/05 02:17:57 INFO  : 99_Archive/ZK-Nexus-Legacy/03_Projects/DAE/AI_Context/Roadmap.md: Copied (new)
2026/08/05 02:17:57 INFO  : 99_Archive/ZK-Nexus-Legacy/03_Projects/DAE/AI_Context/Asset_Strategy.md: Copied (new)
2026/08/05 02:17:57 INFO  : 99_Archive/ZK-Nexus-Legacy/03_Projects/DAE/AI_Context/Business_Context.md: Copied (new)
2026/08/05 02:18:01 INFO  : 99_Archive/ZK-Nexus-Legacy/08_RevenueOps/ZK Revenue Ops/05_Client_System/Client Onboarding..txt: Copied (new)
2026/08/05 02:18:48 INFO  : 99_Archive/ZK-Nexus-Legacy/08_RevenueOps/ZK Revenue Ops/04_Operations/Master SOP.docx: Copied (new)
2026/08/05 02:18:48 INFO  : 99_Archive/ZK-Nexus-Legacy/08_RevenueOps/ZK Revenue Ops/04_Operations/Weekly Report.docx: Copied (new)
2026/08/05 02:18:49 INFO  : 99_Archive/ZK-Nexus-Legacy/08_RevenueOps/ZK Revenue Ops/09_Tech/WebApp_Main.gs: Copied (new)
2026/08/05 02:18:49 INFO  : 99_Archive/ZK-Nexus-Legacy/08_RevenueOps/ZK Revenue Ops/07_Legal/2 - Statement of Work.pdf: Copied (new)
2026/08/05 02:18:49 INFO  : 99_Archive/ZK-Nexus-Legacy/08_RevenueOps/ZK Revenue Ops/09_Tech/WebApp_Backend.gs: Copied (new)
2026/08/05 02:18:49 INFO  : 99_Archive/ZK-Nexus-Legacy/08_RevenueOps/ZK Revenue Ops/07_Legal/1 - Master Service Agreement.pdf: Copied (new)
2026/08/05 02:18:49 INFO  : 99_Archive/ZK-Nexus-Legacy/08_RevenueOps/ZK Revenue Ops/09_Tech/WebApp_Setup_Minimal.gs: Copied (new)
2026/08/05 02:18:50 INFO  : 99_Archive/ZK-Nexus-Legacy/08_RevenueOps/ZK Revenue Ops/07_Legal/3 - Data Confidentiality Agreement.pdf: Copied (new)
2026/08/05 02:18:50 INFO  : 99_Archive/ZK-Nexus-Legacy/08_RevenueOps/ZK Revenue Ops/07_Legal/4 - Service Disclaimer.pdf: Copied (new)
2026/08/05 02:19:28 INFO  : 99_Archive/ZK-Nexus-Legacy/08_RevenueOps/ZK Revenue Ops/02_Offer/ZK REN Starter Proposal - 30 Day Pilot.docx: Copied (new)
2026/08/05 02:19:28 INFO  : 99_Archive/ZK-Nexus-Legacy/08_RevenueOps/ZK Revenue Ops/07_Legal/5 - Invoice.pdf: Copied (new)
2026/08/05 02:19:29 INFO  : 99_Archive/ZK-Nexus-Legacy/08_RevenueOps/ZK Revenue Ops/02_Offer/ZK_Ariff_VA_Outreach_Toolkit.docx: Copied (new)
2026/08/05 02:19:30 INFO  : 99_Archive/Completed-Projects/PRJ-001_ZK-RevOps-Migration/drafts/4-service-disclaimer.pdf: Copied (new)
2026/08/05 02:19:30 INFO  : 99_Archive/Completed-Projects/PRJ-001_ZK-RevOps-Migration/drafts/1-master-service-agreement.pdf: Copied (new)
2026/08/05 02:19:30 INFO  : 99_Archive/Completed-Projects/PRJ-001_ZK-RevOps-Migration/drafts/3-data-confidentiality-agreement.pdf: Copied (new)
2026/08/05 02:19:30 INFO  : 99_Archive/Completed-Projects/PRJ-001_ZK-RevOps-Migration/drafts/2-statement-of-work.pdf: Copied (new)
2026/08/05 02:19:30 INFO  : 99_Archive/Completed-Projects/PRJ-001_ZK-RevOps-Migration/drafts/business-context.md: Copied (new)
2026/08/05 02:19:30 INFO  : 99_Archive/Completed-Projects/PRJ-001_ZK-RevOps-Migration/drafts/5-invoice.pdf: Copied (new)
2026/08/05 02:19:32 INFO  : 99_Archive/Completed-Projects/PRJ-001_ZK-RevOps-Migration/drafts/client-onboarding.txt: Copied (new)
2026/08/05 02:19:33 INFO  : 99_Archive/ZK-Nexus-Legacy/08_RevenueOps/ZK Revenue Ops/01_Strategy/Current-CRM-Audit.md: Copied (new)
2026/08/05 02:19:33 INFO  : 99_Archive/Completed-Projects/PRJ-001_ZK-RevOps-Migration/drafts/client-profile.md: Copied (new)
2026/08/05 02:19:33 INFO  : 99_Archive/Completed-Projects/PRJ-001_ZK-RevOps-Migration/drafts/current-crm-audit.md: Copied (new)
2026/08/05 02:19:33 INFO  : 99_Archive/Completed-Projects/PRJ-001_ZK-RevOps-Migration/drafts/master-sop.docx: Copied (new)
2026/08/05 02:19:33 INFO  : 99_Archive/Completed-Projects/PRJ-001_ZK-RevOps-Migration/drafts/feature-map.md: Copied (new)
2026/08/05 02:19:33 INFO  : 99_Archive/ZK-Nexus-Legacy/08_RevenueOps/ZK Revenue Ops/01_Strategy/Feature-Map.md: Copied (new)
2026/08/05 02:19:34 INFO  : 99_Archive/ZK-Nexus-Legacy/08_RevenueOps/ZK Revenue Ops/01_Strategy/README.md: Copied (new)
2026/08/05 02:19:35 INFO  : 99_Archive/Completed-Projects/PRJ-001_ZK-RevOps-Migration/drafts/web-app-backend.gs: Copied (new)
2026/08/05 02:19:35 INFO  : 99_Archive/Completed-Projects/PRJ-001_ZK-RevOps-Migration/drafts/web-app-main.gs: Copied (new)
2026/08/05 02:19:35 INFO  : 99_Archive/Completed-Projects/PRJ-001_ZK-RevOps-Migration/drafts/strategy-overview.md: Copied (new)
2026/08/05 02:19:35 INFO  : 99_Archive/Completed-Projects/PRJ-001_ZK-RevOps-Migration/drafts/system-architecture.md: Copied (new)
2026/08/05 02:19:35 INFO  : 99_Archive/Completed-Projects/PRJ-001_ZK-RevOps-Migration/drafts/web-app-setup-minimal.gs: Copied (new)
2026/08/05 02:19:37 INFO  : 99_Archive/Completed-Projects/PRJ-001_ZK-RevOps-Migration/drafts/weekly-report.docx: Copied (new)
2026/08/05 02:19:37 INFO  : 99_Archive/Completed-Projects/PRJ-001_ZK-RevOps-Migration/drafts/zk-ariff-va-outreach-toolkit.docx: Copied (new)
2026/08/05 02:19:37 INFO  : 99_Archive/Completed-Projects/PRJ-001_ZK-RevOps-Migration/drafts/zk-ren-starter-proposal-30-day-pilot.docx: Copied (new)
2026/08/05 02:19:38 INFO  : 99_Archive/ZK-Nexus-Legacy/08_RevenueOps/ZK Revenue Ops/01_Strategy/ZK Revenue Ops Dashboard.md: Copied (new)
2026/08/05 02:19:43 INFO  : 99_Archive/Completed-Projects/PRJ-001_ZK-RevOps-Migration/drafts/zk-revenue-ops-dashboard.md: Copied (new)
2026/08/05 02:19:43 INFO  : 99_Archive/ZK-Nexus-Legacy/08_RevenueOps/ZK Revenue Ops/02_Offer/AI_Context/Business_Context.md: Copied (new)
2026/08/05 02:19:43 INFO  : 99_Archive/ZK-Nexus-Legacy/08_RevenueOps/ZK Revenue Ops/02_Offer/AI_Context/Client_Profile.md: Copied (new)
2026/08/05 02:19:48 INFO  : 99_Archive/ZK-Nexus-Legacy/08_RevenueOps/ZK Revenue Ops/01_Strategy/ZK REVENUE OPERATIONS COMPANY PROFILE.pdf: Copied (new)
2026/08/05 02:19:50 INFO  : 99_Archive/ZK-Nexus-Legacy/08_RevenueOps/ZK Revenue Ops/02_Offer/AI_Context/System_Architecture.md: Copied (new)
2026/08/05 02:19:50 INFO  : 01_Business/Business-Registry.md: Copied (new)
2026/08/05 02:19:51 INFO  : 01_Business/Strategy/RDM-001-Roadmap-RM10k-Month.md: Copied (new)
2026/08/05 02:19:54 INFO  : 99_Archive/Completed-Projects/PRJ-001_ZK-RevOps-Migration/drafts/zk-revenue-operations-company-profile.pdf: Copied (new)
2026/08/05 02:19:54 INFO  : 99_Archive/ZK-Nexus-Legacy/08_RevenueOps/ZK Revenue Ops/01_Strategy/ZK REVENUE OPERATIONS BUSINESS PROPOSAL.pdf: Copied (new)
2026/08/05 02:19:55 INFO  : 01_Business/ZK-Revenue-Ops/004_Lead-Qualification-SOP-001.md: Copied (new)
2026/08/05 02:19:55 INFO  : 01_Business/ZK-Revenue-Ops/003_Cold-Outreach-Scripts.md: Copied (new)
2026/08/05 02:19:55 INFO  : 01_Business/ZK-Revenue-Ops/002_SDR-Campaign-Blueprints.md: Copied (new)
2026/08/05 02:19:55 INFO  : 01_Business/ZK-Revenue-Ops/001_Service-Catalog.md: Copied (new)
2026/08/05 02:20:00 INFO  : 01_Business/DAE-Ecosystem/Strategy/Asset_Strategy.md: Copied (new)
2026/08/05 02:20:00 INFO  : 01_Business/ZK-Revenue-Ops/005_CRM-Automation-Blueprints.md: Copied (new)
2026/08/05 02:20:01 INFO  : 01_Business/DAE-Ecosystem/Strategy/Roadmap.md: Copied (new)
2026/08/05 02:20:01 INFO  : 01_Business/DAE-Ecosystem/Strategy/Business_Context.md: Copied (new)
2026/08/05 02:20:41 INFO  : 01_Business/ZK-Revenue-Ops/Finance/5-invoice.pdf: Copied (new)
2026/08/05 02:20:44 INFO  : 01_Business/ZK-Revenue-Ops/Leads/ren_prospects_100.json: Copied (new)
2026/08/05 02:21:00 INFO  : 01_Business/ZK-Revenue-Ops/Client-Delivery/Client-Lead-Tracker-Active.md: Copied (new)
2026/08/05 02:21:00 INFO  : 01_Business/ZK-Revenue-Ops/Legal/4-service-disclaimer.pdf: Copied (new)
2026/08/05 02:21:00 INFO  : 01_Business/ZK-Revenue-Ops/Legal/1-master-service-agreement.pdf: Copied (new)
2026/08/05 02:21:00 INFO  : 01_Business/ZK-Revenue-Ops/Legal/2-statement-of-work.pdf: Copied (new)
2026/08/05 02:21:55 INFO  : 01_Business/ZK-Revenue-Ops/Client-Delivery/Live-Client-Dashboard.html: Copied (new)
2026/08/05 02:21:55 INFO  : 01_Business/ZK-Revenue-Ops/Client-Delivery/ZKRO-Master-Client-Database.csv: Copied (new)
2026/08/05 02:21:55 INFO  : 01_Business/ZK-Revenue-Ops/Client-Delivery/client-folder-structure.md: Copied (new)
2026/08/05 02:21:55 INFO  : 01_Business/ZK-Revenue-Ops/Pricing/pricing-model.md: Copied (new)
2026/08/05 02:21:55 INFO  : 01_Business/ZK-Revenue-Ops/Legal/3-data-confidentiality-agreement.pdf: Copied (new)
2026/08/05 02:21:56 INFO  : 01_Business/ZK-Revenue-Ops/Marketing/FB_IG_ADS_CAMPAIGN_MASTER_KIT.md: Copied (new)
2026/08/05 02:21:58 INFO  : 01_Business/ZK-Revenue-Ops/00_Foundation/001_Vision.md: Copied (new)
2026/08/05 02:21:58 INFO  : 01_Business/ZK-Revenue-Ops/00_Foundation/003_Core-Values.md: Copied (new)
2026/08/05 02:21:58 INFO  : 01_Business/ZK-Revenue-Ops/00_Foundation/006_Solution.md: Copied (new)
2026/08/05 02:21:58 INFO  : 01_Business/ZK-Revenue-Ops/00_Foundation/002_Mission.md: Copied (new)
2026/08/05 02:21:58 INFO  : 01_Business/ZK-Revenue-Ops/00_Foundation/005_Problem-Statement.md: Copied (new)
2026/08/05 02:21:58 INFO  : 01_Business/ZK-Revenue-Ops/00_Foundation/004_Product-Overview.md: Copied (new)
2026/08/05 02:22:02 INFO  : 01_Business/ZK-Revenue-Ops/00_Foundation/007_Scope.md: Copied (new)
2026/08/05 02:22:28 INFO  : 01_Business/ZK-Revenue-Ops/00_Foundation/010_Success-Metrics.md: Copied (new)
2026/08/05 02:22:34 INFO  : 01_Business/ZK-Revenue-Ops/00_Foundation/008_User-Roles.md: Copied (new)
2026/08/05 02:22:36 INFO  : 01_Business/ZK-Revenue-Ops/00_Foundation/009_Terminology.md: Copied (new)
2026/08/05 02:22:36 INFO  : 01_Business/ZK-Revenue-Ops/Reports/ZK_NEXUS_EMPIRE_REVOPS_MASTER_REPORT.md: Copied (new)
2026/08/05 02:22:36 INFO  : 01_Business/ZK-Revenue-Ops/Services/service-catalog.md: Copied (new)
2026/08/05 02:22:36 INFO  : 01_Business/ZK-Revenue-Ops/Reports/REN_PROSPECTS_100_AUDIT_REPORT.md: Copied (new)
2026/08/05 02:22:39 INFO  : 01_Business/ZK-Revenue-Ops/Operations/BATCH_1_OUTREACH_REVIEW_KIT.md: Copied (new)
2026/08/05 02:22:39 INFO  : 01_Business/ZK-Revenue-Ops/Reports/ZK_REVENUE_OPS_END_TO_END_MASTER_REPORT.md: Copied (new)
2026/08/05 02:22:39 INFO  : 01_Business/ZK-Revenue-Ops/Operations/PRE_LAUNCH_CHECKLIST_AND_EXECUTION_ROADMAP.md: Copied (new)
2026/08/05 02:22:39 INFO  : 01_Business/ZK-Revenue-Ops/Operations/SOP-OPS-002_Console-Operator-Manual.md: Copied (new)
2026/08/05 02:22:41 INFO  : 01_Business/ZK-Revenue-Ops/Operations/WHATSAPP_BUSINESS_STRUCTURED_MASTER_KIT.md: Copied (new)
2026/08/05 02:22:41 INFO  : 01_Business/ZK-Revenue-Ops/Operations/client-onboarding.txt: Copied (new)
2026/08/05 02:22:41 INFO  : 01_Business/ZK-Revenue-Ops/Operations/WHATSAPP_BUSINESS_MASTER_KIT.md: Copied (new)
2026/08/05 02:22:41 INFO  : 01_Business/ZK-Revenue-Ops/Operations/master-sop.docx: Copied (new)
2026/08/05 02:22:42 INFO  : 01_Business/ZK-Revenue-Ops/Operations/WHATSAPP_BUSINESS_BRANDING_BLUEPRINT.md: Copied (new)
2026/08/05 02:22:42 INFO  : 01_Business/ZK-Revenue-Ops/Operations/WHATSAPP_BUSINESS_COVER_CATALOG_MASTER_BLUEPRINT.md: Copied (new)
2026/08/05 02:22:43 INFO  : 01_Business/ZK-Revenue-Ops/Operations/outreach-sop.md: Copied (new)
2026/08/05 02:22:43 INFO  : 01_Business/ZK-Revenue-Ops/Operations/zk-ariff-va-outreach-toolkit.docx: Copied (new)
2026/08/05 02:22:44 INFO  : 01_Business/ZK-Revenue-Ops/02_Governance/001_Business-Rules.md: Copied (new)
2026/08/05 02:22:44 INFO  : 01_Business/ZK-Revenue-Ops/Operations/weekly-report.docx: Copied (new)
2026/08/05 02:22:45 INFO  : 01_Business/ZK-Revenue-Ops/02_Governance/002_Naming-Convention.md: Copied (new)
2026/08/05 02:22:45 INFO  : 01_Business/ZK-Revenue-Ops/02_Governance/005_Priority-Standard.md: Copied (new)
2026/08/05 02:22:45 INFO  : 01_Business/ZK-Revenue-Ops/02_Governance/004_Status-Standard.md: Copied (new)
2026/08/05 02:22:45 INFO  : 01_Business/ZK-Revenue-Ops/02_Governance/003_Object-ID-Standard.md: Copied (new)
2026/08/05 02:22:46 INFO  : 01_Business/ZK-Revenue-Ops/02_Governance/006_SLA-Standard.md: Copied (new)
2026/08/05 02:22:50 INFO  : 99_Archive/Completed-Projects/PRJ-001_ZK-RevOps-Migration/drafts/zk-revenue-operations-business-proposal.pdf: Copied (new)
2026/08/05 02:22:50 INFO  : 01_Business/ZK-Revenue-Ops/09_Software_Specification/03_User_Management/ZK-USER-001_User-Management-System.md: Copied (new)
2026/08/05 02:22:50 INFO  : 01_Business/ZK-Revenue-Ops/02_Governance/010_Data-Governance.md: Copied (new)
2026/08/05 02:22:50 INFO  : 01_Business/ZK-Revenue-Ops/02_Governance/008_Audit-Rules.md: Copied (new)
2026/08/05 02:22:50 INFO  : 01_Business/ZK-Revenue-Ops/02_Governance/009_Version-Control.md: Copied (new)
2026/08/05 02:22:50 INFO  : 01_Business/ZK-Revenue-Ops/02_Governance/007_Permission-Matrix.md: Copied (new)
2026/08/05 02:22:51 INFO  : 01_Business/ZK-Revenue-Ops/Sales/Listing-Based-Pitch-Matrix.md: Copied (new)
2026/08/05 02:22:52 INFO  : 01_Business/ZK-Revenue-Ops/Sales/SOP-004_Objection-Handling.md: Copied (new)
2026/08/05 02:22:52 INFO  : 01_Business/ZK-Revenue-Ops/Sales/malaysian-ren-prospects.md: Copied (new)
2026/08/05 02:22:52 INFO  : 01_Business/ZK-Revenue-Ops/Sales/gas-code-optimized.js: Copied (new)
2026/08/05 02:22:52 INFO  : 01_Business/ZK-Revenue-Ops/Sales/Sales-Pitch-Deck.md: Copied (new)
2026/08/05 02:22:52 INFO  : 01_Business/ZK-Revenue-Ops/Sales/outreach-database-schema.md: Copied (new)
2026/08/05 02:22:53 INFO  : 01_Business/ZK-Revenue-Ops/Sales/sales-process.md: Copied (new)
2026/08/05 02:22:55 INFO  : 01_Business/ZK-Revenue-Ops/Sales/zk-ren-starter-proposal-30-day-pilot.docx: Copied (new)
2026/08/05 02:22:57 INFO  : 01_Business/ZK-Revenue-Ops/Strategy/GEMINI_SPARK_INTEGRATION_BLUEPRINT.md: Copied (new)
2026/08/05 02:23:02 INFO  : 01_Business/ZK-Revenue-Ops/Strategy/REN-Client-Acquisition-Playbook-Tomorrow.md: Copied (new)
2026/08/05 02:23:02 INFO  : 01_Business/ZK-Revenue-Ops/Strategy/NOTION_SALES_CRM_FRAMEWORK.md: Copied (new)
2026/08/05 02:23:02 INFO  : 01_Business/ZK-Revenue-Ops/Strategy/Master-Execution-Roadmap-Framework.md: Copied (new)
2026/08/05 02:23:30 INFO  : 01_Business/ZK-Revenue-Ops/Strategy/MALAYSIA_6_ZONE_REN_STRATEGY.md: Copied (new)
2026/08/05 02:23:32 INFO  : 01_Business/ZK-Revenue-Ops/Strategy/client-profile.md: Copied (new)
2026/08/05 02:23:34 INFO  : 01_Business/ZK-Revenue-Ops/Strategy/current-crm-audit.md: Copied (new)
2026/08/05 02:23:38 INFO  : 01_Business/ZK-Revenue-Ops/Strategy/Tomorrow-Operations-Launch-Checklist.md: Copied (new)
2026/08/05 02:23:40 INFO  : 01_Business/ZK-Revenue-Ops/Strategy/feature-map.md: Copied (new)
2026/08/05 02:23:40 INFO  : 01_Business/ZK-Revenue-Ops/Strategy/business-context.md: Copied (new)
2026/08/05 02:23:40 INFO  : 01_Business/ZK-Revenue-Ops/Strategy/ZK-Revenue-Ops-Master-Product-Framework.md: Copied (new)
2026/08/05 02:23:40 INFO  : 01_Business/ZK-Revenue-Ops/Strategy/PRICING_TIERS_AND_PILOT_PROGRAM_BLUEPRINT.md: Copied (new)
2026/08/05 02:23:40 INFO  : 01_Business/ZK-Revenue-Ops/Strategy/strategy-overview.md: Copied (new)
2026/08/05 02:23:41 INFO  : 01_Business/ZK-Revenue-Ops/09_Software_Specification/04_User_Roles_Permissions/ZK-USER-002_User-Roles-Permissions-Matrix.md: Copied (new)
2026/08/05 02:23:43 INFO  : 01_Business/ZK-Revenue-Ops/Strategy/zk-revenue-ops-dashboard.md: Copied (new)
2026/08/05 02:23:43 INFO  : 01_Business/ZK-Revenue-Ops/Strategy/system-architecture.md: Copied (new)
2026/08/05 02:23:45 INFO  : 01_Business/ZK-Revenue-Ops/09_Software_Specification/06_User_Flow/ZK-FLOW-001_User-Flow-Diagrams.md: Copied (new)
2026/08/05 02:23:46 INFO  : 01_Business/ZK-Revenue-Ops/Offers/client-offers.md: Copied (new)
2026/08/05 02:23:46 INFO  : 01_Business/ZK-Revenue-Ops/04_Operational_Workflow_Engine/001_Master-Workflow.md: Copied (new)
2026/08/05 02:23:47 INFO  : 01_Business/ZK-Revenue-Ops/04_Operational_Workflow_Engine/002_Lead-Lifecycle.md: Copied (new)
2026/08/05 02:23:47 INFO  : 01_Business/ZK-Revenue-Ops/04_Operational_Workflow_Engine/003_Client-Lifecycle.md: Copied (new)
2026/08/05 02:23:48 INFO  : 01_Business/ZK-Revenue-Ops/Strategy/zk-revenue-operations-company-profile.pdf: Copied (new)
2026/08/05 02:23:48 INFO  : 01_Business/ZK-Revenue-Ops/04_Operational_Workflow_Engine/004_Appointment-Lifecycle.md: Copied (new)
2026/08/05 02:23:49 INFO  : 01_Business/ZK-Revenue-Ops/04_Operational_Workflow_Engine/005_Follow-up-Lifecycle.md: Copied (new)
2026/08/05 02:23:49 INFO  : 01_Business/ZK-Revenue-Ops/04_Operational_Workflow_Engine/006_Task-Lifecycle.md: Copied (new)
2026/08/05 02:23:49 INFO  : 01_Business/ZK-Revenue-Ops/04_Operational_Workflow_Engine/007_Reporting-Workflow.md: Copied (new)
2026/08/05 02:23:49 INFO  : 01_Business/ZK-Revenue-Ops/04_Operational_Workflow_Engine/008_Exception-Workflow.md: Copied (new)
2026/08/05 02:23:52 INFO  : 01_Business/ZK-Revenue-Ops/09_Software_Specification/08_Database_Specification/ZK-DB-001_Database-Relational-Schema.md: Copied (new)
2026/08/05 02:23:53 INFO  : 01_Business/ZK-Revenue-Ops/04_Operational_Workflow_Engine/009_Escalation-Workflow.md: Copied (new)
2026/08/05 02:23:53 INFO  : 01_Business/ZK-Revenue-Ops/04_Operational_Workflow_Engine/010_State-Transition-Rules.md: Copied (new)
2026/08/05 02:23:57 INFO  : 01_Business/ZK-Revenue-Ops/09_Software_Specification/09_API_Integration/ZK-API-001_API-Integration-Endpoints.md: Copied (new)
2026/08/05 02:23:58 INFO  : 01_Business/ZK-Revenue-Ops/09_Software_Specification/10_Notification_System/ZK-NOTIF-001_Notification-Engine.md: Copied (new)
2026/08/05 02:24:01 INFO  : 01_Business/ZK-Revenue-Ops/09_Software_Specification/13_QA_Testing/ZK-TEST-001_QA-Test-Cases.md: Copied (new)
2026/08/05 02:25:43 INFO  : 01_Business/ZK-Revenue-Ops/10_Digital_Workforce/01_Workforce_Architecture/ZK-AI-001_Workforce-Architecture.md: Copied (new)
2026/08/05 02:25:43 INFO  : 01_Business/ZK-Revenue-Ops/09_Software_Specification/02_System_Architecture/ZK-ARCH-001_System-Architecture.md: Copied (new)
2026/08/05 02:25:43 INFO  : 01_Business/ZK-Revenue-Ops/09_Software_Specification/05_Feature_Specification/ZK-FEAT-001_Lead-Management-Engine.md: Copied (new)
2026/08/05 02:25:43 INFO  : 01_Business/ZK-Revenue-Ops/09_Software_Specification/15_Product_Backlog/ZK-BACK-001_Product-Backlog.md: Copied (new)
2026/08/05 02:25:43 INFO  : 01_Business/ZK-Revenue-Ops/09_Software_Specification/05_Feature_Specification/ZK-FEAT-003_Client-REN-Portal.md: Copied (new)
2026/08/05 02:25:43 INFO  : 01_Business/ZK-Revenue-Ops/09_Software_Specification/05_Feature_Specification/ZK-FEAT-002_Operator-Task-Console.md: Copied (new)
2026/08/05 02:25:45 INFO  : 01_Business/ZK-Revenue-Ops/10_Digital_Workforce/02_Agent_Catalog/ZK-AI-002_Agent-Catalog.md: Copied (new)
2026/08/05 02:25:48 INFO  : 01_Business/ZK-Revenue-Ops/10_Digital_Workforce/03_Agent_Specifications/ZK-AI-003_Agent-Specifications.md: Copied (new)
2026/08/05 02:25:49 INFO  : 01_Business/ZK-Revenue-Ops/09_Software_Specification/07_UI_UX_Specification/ZK-UI-001_UI-UX-Design-System.md: Copied (new)
2026/08/05 02:25:49 INFO  : 01_Business/ZK-Revenue-Ops/10_Digital_Workforce/04_Agent_Workflows/ZK-AI-004_Agent-Workflows.md: Copied (new)
2026/08/05 02:25:50 INFO  : 01_Business/ZK-Revenue-Ops/09_Software_Specification/12_Security/ZK-SEC-001_Security-and-RLS-Rules.md: Copied (new)
2026/08/05 02:25:51 INFO  : 01_Business/ZK-Revenue-Ops/Sales/zk-revenue-operations-business-proposal.pdf: Copied (new)
2026/08/05 02:25:52 INFO  : 01_Business/ZK-Revenue-Ops/10_Digital_Workforce/05_Agent_Knowledge/ZK-AI-005_Agent-Knowledge-Architecture.md: Copied (new)
2026/08/05 02:25:54 INFO  : 01_Business/ZK-Revenue-Ops/10_Digital_Workforce/08_Agent_Permissions/ZK-AI-008_Agent-Permissions-Matrix.md: Copied (new)
2026/08/05 02:25:55 INFO  : 01_Business/ZK-Revenue-Ops/10_Digital_Workforce/06_Agent_Tools/ZK-AI-006_Agent-Tools-Registry.md: Copied (new)
2026/08/05 02:25:57 INFO  : 01_Business/ZK-Revenue-Ops/10_Digital_Workforce/09_Human_AI_Handoff/ZK-AI-009_Human-AI-Handoff-Rules.md: Copied (new)
2026/08/05 02:25:58 INFO  : 01_Business/ZK-Revenue-Ops/10_Digital_Workforce/10_Agent_Monitoring/ZK-AI-010_Agent-Monitoring-Framework.md: Copied (new)
2026/08/05 02:25:59 INFO  : 01_Business/ZK-Revenue-Ops/10_Digital_Workforce/13_AI_Training/ZK-AI-013_AI-Training-Knowledge-Review.md: Copied (new)
2026/08/05 02:26:00 INFO  : 01_Business/ZK-Revenue-Ops/09_Software_Specification/14_Release_Management/ZK-REL-001_Cardless-Release-Management.md: Copied (new)
2026/08/05 02:26:33 INFO  : 01_Business/ZK-Revenue-Ops/03_Information_Architecture/006_Source-Dictionary.md: Copied (new)
2026/08/05 02:26:34 INFO  : 01_Business/ZK-Revenue-Ops/10_Digital_Workforce/11_AI_QA/ZK-AI-011_AI-QA-Audit-Checklist.md: Copied (new)
2026/08/05 02:26:34 INFO  : 01_Business/ZK-Revenue-Ops/03_Information_Architecture/004_Status-Dictionary.md: Copied (new)
2026/08/05 02:26:34 INFO  : 01_Business/ZK-Revenue-Ops/03_Information_Architecture/001_Entity-Dictionary.md: Copied (new)
2026/08/05 02:26:35 INFO  : 01_Business/ZK-Revenue-Ops/03_Information_Architecture/002_Entity-Relationships.md: Copied (new)
2026/08/05 02:26:36 INFO  : 01_Business/ZK-Revenue-Ops/03_Information_Architecture/003_Field-Dictionary.md: Copied (new)
2026/08/05 02:26:36 INFO  : 01_Business/ZK-Revenue-Ops/03_Information_Architecture/011_Folder-Architecture.md: Copied (new)
2026/08/05 02:26:36 INFO  : 01_Business/ZK-Revenue-Ops/03_Information_Architecture/009_Data-Lifecycle.md: Copied (new)
2026/08/05 02:26:36 INFO  : 01_Business/ZK-Revenue-Ops/03_Information_Architecture/007_Validation-Rules.md: Copied (new)
2026/08/05 02:26:36 INFO  : 01_Business/ZK-Revenue-Ops/03_Information_Architecture/005_Tag-Dictionary.md: Copied (new)
2026/08/05 02:26:42 INFO  : 01_Business/ZK-Revenue-Ops/Sales/Proposals/Ahmad-PJ-Proposal.md: Copied (new)
2026/08/05 02:26:42 INFO  : 01_Business/ZK-Revenue-Ops/03_Information_Architecture/012_Naming-Convention-Reference.md: Copied (new)
2026/08/05 02:26:43 INFO  : 01_Business/ZK-Revenue-Ops/03_Information_Architecture/013_Metadata-Standard.md: Copied (new)
2026/08/05 02:26:43 INFO  : 01_Business/ZK-Revenue-Ops/Sales/Proposals/Ahmad-PJ-SOW.md: Copied (new)
2026/08/05 02:26:44 INFO  : 01_Business/ZK-Revenue-Ops/08_Automation_System/01_Automation_Strategy/ZK-AUT-001_Automation-Strategy.md: Copied (new)
2026/08/05 02:26:46 INFO  : 01_Business/ZK-Revenue-Ops/08_Automation_System/02_Automation_Map/ZK-AUT-002_Automation-Map.md: Copied (new)
2026/08/05 02:26:47 INFO  : 01_Business/ZK-Revenue-Ops/03_Information_Architecture/010_Ownership-Matrix.md: Copied (new)
2026/08/05 02:26:47 INFO  : 01_Business/ZK-Revenue-Ops/03_Information_Architecture/008_Data-Flow.md: Copied (new)
2026/08/05 02:26:48 INFO  : 01_Business/ZK-Revenue-Ops/10_Digital_Workforce/15_Future_Workforce/ZK-AI-015_Future-Workforce-Vision.md: Copied (new)
2026/08/05 02:26:50 INFO  : 01_Business/ZK-Revenue-Ops/06_Communication_System/01_Communication_Principles/001_Communication-Principles.md: Copied (new)
2026/08/05 02:26:52 INFO  : 01_Business/ZK-Revenue-Ops/06_Communication_System/03_Message_Library/003_Message-Library.md: Copied (new)
2026/08/05 02:26:55 INFO  : 01_Business/ZK-Revenue-Ops/06_Communication_System/02_Communication_Channels/002_Communication-Channels.md: Copied (new)
2026/08/05 02:26:56 INFO  : 01_Business/ZK-Revenue-Ops/06_Communication_System/04_Call_Library/004_Call-Library.md: Copied (new)
2026/08/05 02:26:58 INFO  : 01_Business/ZK-Revenue-Ops/10_Digital_Workforce/07_Agent_Memory/ZK-AI-007_Agent-Memory-System.md: Copied (new)
2026/08/05 02:27:00 INFO  : 01_Business/ZK-Revenue-Ops/10_Digital_Workforce/12_AI_Security/ZK-AI-012_AI-Security-Governance.md: Copied (new)
2026/08/05 02:27:57 INFO  : 01_Business/ZK-Revenue-Ops/07_Reporting_Analytics_System/01_Analytics_Framework/ZK-ANA-001_Analytics-Framework.md: Copied (new)
2026/08/05 02:27:58 INFO  : 01_Business/ZK-Revenue-Ops/07_Reporting_Analytics_System/02_Metric_Dictionary/ZK-ANA-002_Metric-Dictionary.md: Copied (new)
2026/08/05 02:27:59 INFO  : 01_Business/ZK-Revenue-Ops/10_Digital_Workforce/14_AI_Backlog/ZK-AI-014_AI-Backlog.md: Copied (new)
2026/08/05 02:27:59 INFO  : 01_Business/ZK-Revenue-Ops/07_Reporting_Analytics_System/03_KPI_System/ZK-ANA-003_KPI-System.md: Copied (new)
2026/08/05 02:28:00 INFO  : 01_Business/ZK-Revenue-Ops/07_Reporting_Analytics_System/06_Report_Workflow/ZK-ANA-004_Report-Workflow.md: Copied (new)
2026/08/05 02:28:00 INFO  : 01_Business/ZK-Revenue-Ops/08_Automation_System/05_Communication_Automation/ZK-AUT-005_Communication-Automation.md: Copied (new)
2026/08/05 02:29:01 INFO  : 01_Business/ZK-Revenue-Ops/07_Reporting_Analytics_System/07_Performance_Analysis/ZK-ANA-005_Performance-Analysis.md: Copied (new)
2026/08/05 02:29:01 INFO  : 01_Business/ZK-Revenue-Ops/08_Automation_System/03_Process_Automation/ZK-AUT-003_Process-Automation.md: Copied (new)
2026/08/05 02:29:01 INFO  : 01_Business/ZK-Revenue-Ops/06_Communication_System/06_Appointment_Communication/006_Appointment-Communication.md: Copied (new)
2026/08/05 02:29:35 INFO  : 01_Business/ZK-Revenue-Ops/07_Reporting_Analytics_System/08_Client_Reporting/ZK-RPT-007_Client-Reporting-Rules.md: Copied (new)
2026/08/05 02:29:36 INFO  : 01_Business/ZK-Revenue-Ops/07_Reporting_Analytics_System/04_Dashboard_Specification/ZK-DASH-001_Client-Dashboard-Spec.md: Copied (new)
2026/08/05 02:29:36 INFO  : 01_Business/ZK-Revenue-Ops/07_Reporting_Analytics_System/05_Report_Templates/ZK-RPT-001_Daily-Report-Template.md: Copied (new)
2026/08/05 02:29:36 INFO  : 01_Business/ZK-Revenue-Ops/06_Communication_System/07_Client_Communication/007_Client-Communication.md: Copied (new)
2026/08/05 02:29:37 INFO  : 01_Business/ZK-Revenue-Ops/07_Reporting_Analytics_System/04_Dashboard_Specification/ZK-DASH-002_Operator-Dashboard-Spec.md: Copied (new)
2026/08/05 02:29:37 INFO  : 01_Business/ZK-Revenue-Ops/06_Communication_System/08_Internal_Communication/008_Internal-Communication.md: Copied (new)
2026/08/05 02:29:38 INFO  : 01_Business/ZK-Revenue-Ops/07_Reporting_Analytics_System/04_Dashboard_Specification/ZK-DASH-003_Admin-Dashboard-Spec.md: Copied (new)
2026/08/05 02:29:39 INFO  : 01_Business/ZK-Revenue-Ops/06_Communication_System/10_Communication_QA/010_Communication-QA.md: Copied (new)
2026/08/05 02:29:40 INFO  : 01_Business/ZK-Revenue-Ops/06_Communication_System/11_Objection_Handling/011_Objection-Handling.md: Copied (new)
2026/08/05 02:29:43 INFO  : 01_Business/ZK-Revenue-Ops/08_Automation_System/06_Task_Automation/ZK-AUT-006_Task-Automation.md: Copied (new)
2026/08/05 02:29:44 INFO  : 01_Business/ZK-Revenue-Ops/06_Communication_System/09_Notification_System/009_Notification-System.md: Copied (new)
2026/08/05 02:29:45 INFO  : 01_Business/ZK-Revenue-Ops/06_Communication_System/12_Compliance_Privacy/012_Compliance-Privacy.md: Copied (new)
2026/08/05 02:29:45 INFO  : 01_Business/ZK-Revenue-Ops/08_Automation_System/09_Integration_Library/ZK-AUT-009_Integration-Library.md: Copied (new)
2026/08/05 02:29:47 INFO  : 01_Business/ZK-Revenue-Ops/08_Automation_System/10_Automation_QA/ZK-AUT-010_Automation-QA-Checklist.md: Copied (new)
2026/08/05 02:29:47 INFO  : 01_Business/ZK-Revenue-Ops/06_Communication_System/05_Follow-up_Library/005_Follow-up-Library.md: Copied (new)
2026/08/05 02:29:52 INFO  : 01_Business/ZK-Revenue-Ops/08_Automation_System/11_Automation_Backlog/ZK-AUT-011_Automation-Backlog.md: Copied (new)
2026/08/05 02:29:54 INFO  : 05_Systems/Databases/ren_100k_leads_rnd.json: Copied (new)
2026/08/05 02:29:55 INFO  : 01_Business/ZK-Revenue-Ops/08_Automation_System/08_AI_Automation/ZK-AUT-008_AI-Automation-Design.md: Copied (new)
2026/08/05 02:29:57 INFO  : 01_Business/ZK-Revenue-Ops/08_Automation_System/04_Data_Automation/ZK-AUT-004_Data-Automation.md: Copied (new)
2026/08/05 02:29:58 INFO  : 01_Business/ZK-Revenue-Ops/07_Reporting_Analytics_System/09_Internal_Reporting/ZK-RPT-008_Internal-Reporting-Rules.md: Copied (new)
2026/08/05 02:29:59 INFO  : 01_Business/ZK-Revenue-Ops/09_Software_Specification/01_Product_Requirements/ZK-PRD-001_Product-Requirement-Document.md: Copied (new)
2026/08/05 02:30:00 INFO  : 01_Business/ZK-Revenue-Ops/09_Software_Specification/11_Search_Filter_System/ZK-FEAT-006_Search-Filter-System.md: Copied (new)
2026/08/05 02:30:01 INFO  : 01_Business/ZK-Revenue-Ops/07_Reporting_Analytics_System/10_Data_Quality/ZK-ANA-006_Data-Quality-Checklist.md: Copied (new)
2026/08/05 02:30:41 INFO  : 01_Business/ZK-Revenue-Ops/05_Execution_System/10_Monthly_Operations/MOP-001_Monthly-Operations-Manual.md: Copied (new)
2026/08/05 02:30:42 INFO  : 01_Business/ZK-Revenue-Ops/05_Execution_System/05_Templates/TMP-001_WhatsApp-Greeting-DSR.md: Copied (new)
2026/08/05 02:30:43 INFO  : 01_Business/ZK-Revenue-Ops/05_Execution_System/02_Work_Instructions/WI-001_Import-CSV.md: Copied (new)
2026/08/05 02:30:45 INFO  : 01_Business/ZK-Revenue-Ops/05_Execution_System/08_Daily_Operations/DOP-001_Daily-Operations-Manual.md: Copied (new)
2026/08/05 02:30:46 INFO  : 01_Business/ZK-Revenue-Ops/05_Execution_System/03_Checklists/CHK-001_Lead-Cleaning-Checklist.md: Copied (new)
2026/08/05 02:30:47 INFO  : 01_Business/ZK-Revenue-Ops/05_Execution_System/04_Quality_Assurance/QA-001_Import-Audit.md: Copied (new)
2026/08/05 02:30:48 INFO  : 01_Business/ZK-Revenue-Ops/08_Automation_System/07_Report_Automation/ZK-AUT-007_Report-Automation.md: Copied (new)
2026/08/05 02:30:48 INFO  : 01_Business/ZK-Revenue-Ops/07_Reporting_Analytics_System/11_Future_Analytics/ZK-ANA-007_Future-Analytics.md: Copied (new)
2026/08/05 02:30:49 INFO  : 01_Business/ZK-Revenue-Ops/05_Execution_System/07_Exceptions/EXC-001_Exception-Execution-Guide.md: Copied (new)
2026/08/05 02:30:51 INFO  : 01_Business/ZK-Revenue-Ops/05_Execution_System/09_Weekly_Operations/WOP-001_Weekly-Operations-Manual.md: Copied (new)
2026/08/05 02:30:52 INFO  : 01_Business/ZK-Revenue-Ops/05_Execution_System/06_SLAs/SLA-001_Operational-SLA-Matrix.md: Copied (new)
2026/08/05 02:30:53 INFO  : 01_Business/ZK-Revenue-Ops/05_Execution_System/01_SOP_Library/SOP-001_Lead-Import.md: Copied (new)
2026/08/05 02:30:53 INFO  : 01_Business/ZK-Revenue-Ops/05_Execution_System/01_SOP_Library/SOP-002_Lead-Cleaning.md: Copied (new)
2026/08/05 02:30:53 INFO  : 01_Business/ZK-Revenue-Ops/05_Execution_System/01_SOP_Library/SOP-004_Lead-Segmentation.md: Copied (new)
2026/08/05 02:30:53 INFO  : 01_Business/ZK-Revenue-Ops/05_Execution_System/01_SOP_Library/SOP-005_Lead-Assignment.md: Copied (new)
2026/08/05 02:30:53 INFO  : 01_Business/ZK-Revenue-Ops/05_Execution_System/01_SOP_Library/SOP-007_Follow-up.md: Copied (new)
2026/08/05 02:30:53 INFO  : 01_Business/ZK-Revenue-Ops/05_Execution_System/01_SOP_Library/SOP-006_Outreach.md: Copied (new)
2026/08/05 02:30:53 INFO  : 01_Business/ZK-Revenue-Ops/05_Execution_System/01_SOP_Library/SOP-003_Duplicate-Checking.md: Copied (new)
2026/08/05 02:30:54 INFO  : 01_Business/ZK-Revenue-Ops/05_Execution_System/01_SOP_Library/SOP-008_Appointment-Booking.md: Copied (new)
2026/08/05 02:30:55 INFO  : 01_Business/ZK-Revenue-Ops/05_Execution_System/01_SOP_Library/SOP-011_Lead-Revival.md: Copied (new)
2026/08/05 02:30:55 INFO  : 00_Command Center/Daily-Control-Loop.md: Copied (new)
2026/08/05 02:30:55 INFO  : 01_Business/ZK-Revenue-Ops/05_Execution_System/01_SOP_Library/SOP-009_CRM-Update.md: Copied (new)
2026/08/05 02:30:55 INFO  : 00_Command Center/AI-START-HERE.md: Copied (new)
2026/08/05 02:30:55 INFO  : 00_Command Center/AI-Suggestions.md: Copied (new)
2026/08/05 02:30:55 INFO  : 01_Business/ZK-Revenue-Ops/05_Execution_System/01_SOP_Library/SOP-012_Archive.md: Copied (new)
2026/08/05 02:30:55 INFO  : 01_Business/ZK-Revenue-Ops/05_Execution_System/01_SOP_Library/SOP-010_Reporting.md: Copied (new)
2026/08/05 02:30:56 INFO  : 00_Command Center/Dashboard-Legacy.md: Copied (new)
2026/08/05 02:30:57 INFO  : 00_Command Center/Module-Health-Report.md: Copied (new)
2026/08/05 02:30:57 INFO  : 00_Command Center/Workspace-Index.md: Copied (new)
2026/08/05 02:30:57 INFO  : 00_Command Center/ZK-Nexus-Master-Index.md: Copied (new)
2026/08/05 02:30:57 INFO  : 00_Command Center/ID-Registry.md: Copied (new)
2026/08/05 02:30:57 ERROR : 08_Logs/gdrive-sync-20260805-0212.log: corrupted on transfer: md5 hashes differ src(Local file system at //?/C:/Users/Dell/Documents/Projects ZK Nexus) "e791c0ddda0b708a50422df0e64c2059" vs dst(Google drive root 'ZK Nexus Workspace') "f291d2b589be2d935dd2856e327ac24b"
2026/08/05 02:30:57 INFO  : 08_Logs/gdrive-sync-20260805-0212.log: Removing failed copy
2026/08/05 02:30:57 INFO  : 08_Logs/stage1_outreach_dispatch_log.json: Copied (new)
2026/08/05 02:30:58 INFO  : 08_Logs/Log-Index.md: Copied (new)
2026/08/05 02:31:32 INFO  : 08_Logs/Daily-Logs/2026-08-04_Daily-Pulse.md: Copied (new)
2026/08/05 02:31:32 INFO  : 08_Logs/Decision-Logs/LOG_2026-07-27_Decision_Focus-Pivot-ZK-Revenue-Ops.md: Copied (new)
2026/08/05 02:31:32 INFO  : 00_Command Center/ZK-Nexus-Guide.md: Copied (new)
2026/08/05 02:31:33 INFO  : 08_Logs/Decision-Logs/LOG_2026-07-29_Decision_Standard-Tech-Stack-Selection.md: Copied (new)
2026/08/05 02:31:33 INFO  : 08_Logs/Decision-Logs/LOG_2026-07-29_Decision_Founder-Branding-Authentic-Identity.md: Copied (new)
2026/08/05 02:31:33 INFO  : 08_Logs/Decision-Logs/LOG_2026-07-29_Decision_Pricing-Model-v2-Dual-Stream.md: Copied (new)
2026/08/05 02:31:33 INFO  : 08_Logs/Daily-Logs/2026-08-02_Daily-Pulse.md: Copied (new)
2026/08/05 02:31:33 INFO  : 08_Logs/AI-Logs/AI-Log-2026-07-25.md: Copied (new)
2026/08/05 02:31:34 INFO  : 08_Logs/Decision-Logs/LOG_2026-07-30_Decision_Lead-Scale-Repositioning-100k.md: Copied (new)
2026/08/05 02:31:34 INFO  : 02_Projects/Idea-Catcher.md: Copied (new)
2026/08/05 02:31:34 INFO  : 02_Projects/Idea-Backlog.md: Copied (new)
2026/08/05 02:31:36 INFO  : 02_Projects/Active/ZKRO-Service-Catalog-Draft.md: Copied (new)
2026/08/05 02:31:36 INFO  : 02_Projects/Staging-Approval-Matrix.md: Copied (new)
2026/08/05 02:31:36 INFO  : 02_Projects/Active/PRJ-008_Jarvis-Command-Center/server.ps1: Copied (new)
2026/08/05 02:31:37 INFO  : 02_Projects/Active/PRJ-008_Jarvis-Command-Center/public/app.js: Copied (new)
2026/08/05 02:31:37 INFO  : 02_Projects/Active/PRJ-008_Jarvis-Command-Center/public/style.css: Copied (new)
2026/08/05 02:31:49 INFO  : 02_Projects/Active-Projects-List.md: Copied (new)
2026/08/05 02:31:49 INFO  : 99_Archive/ZK-Nexus-Legacy/08_RevenueOps/ZK Revenue Ops/02_Offer/AI_Context: Set directory modification time (using DirSetModTime)
2026/08/05 02:31:50 INFO  : 99_Archive/ZK-Nexus-Legacy/05_Knowledge/Marketing/Projects: Set directory modification time (using DirSetModTime)
2026/08/05 02:31:50 INFO  : 99_Archive/ZK-Nexus-Legacy/08_RevenueOps/ZK Revenue Ops/02_Offer: Set directory modification time (using DirSetModTime)
2026/08/05 02:31:50 INFO  : 99_Archive/ZK-Nexus-Legacy/08_RevenueOps/ZK Revenue Ops/01_Strategy: Set directory modification time (using DirSetModTime)
2026/08/05 02:31:50 INFO  : 99_Archive/ZK-Nexus-Legacy/08_RevenueOps/ZK Revenue Ops/09_Tech: Set directory modification time (using DirSetModTime)
2026/08/05 02:31:50 INFO  : 99_Archive/ZK-Nexus-Legacy/08_RevenueOps/ZK Revenue Ops/07_Legal: Set directory modification time (using DirSetModTime)
2026/08/05 02:31:50 INFO  : 99_Archive/ZK-Nexus-Legacy/03_Projects/DAE/AI_Context: Set directory modification time (using DirSetModTime)
2026/08/05 02:31:50 INFO  : 99_Archive/ZK-Nexus-Legacy/08_RevenueOps/ZK Revenue Ops/04_Operations: Set directory modification time (using DirSetModTime)
2026/08/05 02:31:50 INFO  : 99_Archive/ZK-Nexus-Legacy/08_RevenueOps/ZK Revenue Ops/05_Client_System: Set directory modification time (using DirSetModTime)
2026/08/05 02:31:50 INFO  : 99_Archive/ZK-Nexus-Legacy/03_Projects/Digital Products/AI_Context: Set directory modification time (using DirSetModTime)
2026/08/05 02:31:51 INFO  : 99_Archive/Old-Business-Plans/Digital-Products/Strategy: Set directory modification time (using DirSetModTime)
2026/08/05 02:31:51 INFO  : 99_Archive/ZK-Nexus-Legacy/03_Projects/Digital Products: Set directory modification time (using DirSetModTime)
2026/08/05 02:31:51 INFO  : 99_Archive/Completed-Projects/PRJ-001_ZK-RevOps-Migration/drafts: Set directory modification time (using DirSetModTime)
2026/08/05 02:31:51 INFO  : 99_Archive/ZK-Nexus-Legacy/05_Knowledge/Legal: Set directory modification time (using DirSetModTime)
2026/08/05 02:31:51 INFO  : 99_Archive/ZK-Nexus-Legacy/06_Templates/Prompt-Library: Set directory modification time (using DirSetModTime)
2026/08/05 02:31:51 INFO  : 05_Systems/Console-Portal/public/js: Set directory modification time (using DirSetModTime)
2026/08/05 02:31:51 INFO  : 01_Business/ZK-Revenue-Ops/06_Communication_System/03_Message_Library: Set directory modification time (using DirSetModTime)
2026/08/05 02:31:51 INFO  : 99_Archive/ZK-Nexus-Legacy/03_Projects/DAE: Set directory modification time (using DirSetModTime)
2026/08/05 02:31:51 INFO  : 99_Archive/Old-Business-Plans/Digital-Products/Products: Set directory modification time (using DirSetModTime)
2026/08/05 02:31:51 INFO  : 99_Archive/ZK-Nexus-Legacy/05_Knowledge/Marketing: Set directory modification time (using DirSetModTime)
2026/08/05 02:31:51 INFO  : 99_Archive/ZK-Nexus-Legacy/08_RevenueOps/ZK Revenue Ops: Set directory modification time (using DirSetModTime)
2026/08/05 02:31:51 INFO  : 01_Business/ZK-Revenue-Ops/06_Communication_System/01_Communication_Principles: Set directory modification time (using DirSetModTime)
2026/08/05 02:31:51 INFO  : 99_Archive/ZK-Nexus-Legacy/04_SOP/SOP: Set directory modification time (using DirSetModTime)
2026/08/05 02:31:51 INFO  : 99_Archive/ZK-Nexus-Legacy/05_Knowledge/Finance: Set directory modification time (using DirSetModTime)
2026/08/05 02:31:51 INFO  : 01_Business/ZK-Revenue-Ops/06_Communication_System/02_Communication_Channels: Set directory modification time (using DirSetModTime)
2026/08/05 02:31:51 INFO  : 05_Systems/Console-Portal/public/css: Set directory modification time (using DirSetModTime)
2026/08/05 02:31:51 INFO  : 01_Business/ZK-Revenue-Ops/08_Automation_System/04_Data_Automation: Set directory modification time (using DirSetModTime)
2026/08/05 02:31:51 INFO  : 01_Business/ZK-Revenue-Ops/08_Automation_System/05_Communication_Automation: Set directory modification time (using DirSetModTime)
2026/08/05 02:31:51 INFO  : 01_Business/ZK-Revenue-Ops/08_Automation_System/01_Automation_Strategy: Set directory modification time (using DirSetModTime)
2026/08/05 02:31:51 INFO  : 01_Business/ZK-Revenue-Ops/06_Communication_System/05_Follow-up_Library: Set directory modification time (using DirSetModTime)
2026/08/05 02:31:51 INFO  : 01_Business/ZK-Revenue-Ops/06_Communication_System/06_Appointment_Communication: Set directory modification time (using DirSetModTime)
2026/08/05 02:31:51 INFO  : 01_Business/ZK-Revenue-Ops/06_Communication_System/04_Call_Library: Set directory modification time (using DirSetModTime)
2026/08/05 02:31:51 INFO  : 01_Business/ZK-Revenue-Ops/08_Automation_System/09_Integration_Library: Set directory modification time (using DirSetModTime)
2026/08/05 02:31:51 INFO  : 01_Business/ZK-Revenue-Ops/08_Automation_System/08_AI_Automation: Set directory modification time (using DirSetModTime)
2026/08/05 02:31:51 INFO  : 01_Business/ZK-Revenue-Ops/08_Automation_System/06_Task_Automation: Set directory modification time (using DirSetModTime)
2026/08/05 02:31:51 INFO  : 01_Business/ZK-Revenue-Ops/09_Software_Specification/02_System_Architecture: Set directory modification time (using DirSetModTime)
2026/08/05 02:31:51 INFO  : 01_Business/ZK-Revenue-Ops/08_Automation_System/11_Automation_Backlog: Set directory modification time (using DirSetModTime)
2026/08/05 02:31:51 INFO  : 01_Business/ZK-Revenue-Ops/08_Automation_System/03_Process_Automation: Set directory modification time (using DirSetModTime)
2026/08/05 02:31:51 INFO  : 01_Business/ZK-Revenue-Ops/09_Software_Specification/01_Product_Requirements: Set directory modification time (using DirSetModTime)
2026/08/05 02:31:51 INFO  : 01_Business/ZK-Revenue-Ops/08_Automation_System/10_Automation_QA: Set directory modification time (using DirSetModTime)
2026/08/05 02:31:51 INFO  : 01_Business/ZK-Revenue-Ops/08_Automation_System/02_Automation_Map: Set directory modification time (using DirSetModTime)
2026/08/05 02:31:51 INFO  : 01_Business/ZK-Revenue-Ops/08_Automation_System/07_Report_Automation: Set directory modification time (using DirSetModTime)
2026/08/05 02:31:52 INFO  : 01_Business/ZK-Revenue-Ops/09_Software_Specification/07_UI_UX_Specification: Set directory modification time (using DirSetModTime)
2026/08/05 02:31:52 INFO  : 01_Business/ZK-Revenue-Ops/09_Software_Specification/03_User_Management: Set directory modification time (using DirSetModTime)
2026/08/05 02:31:52 INFO  : 01_Business/ZK-Revenue-Ops/09_Software_Specification/04_User_Roles_Permissions: Set directory modification time (using DirSetModTime)
2026/08/05 02:31:52 INFO  : 01_Business/ZK-Revenue-Ops/09_Software_Specification/05_Feature_Specification: Set directory modification time (using DirSetModTime)
2026/08/05 02:31:52 INFO  : 01_Business/ZK-Revenue-Ops/09_Software_Specification/06_User_Flow: Set directory modification time (using DirSetModTime)
2026/08/05 02:31:52 INFO  : 01_Business/ZK-Revenue-Ops/09_Software_Specification/10_Notification_System: Set directory modification time (using DirSetModTime)
2026/08/05 02:31:52 INFO  : 01_Business/ZK-Revenue-Ops/09_Software_Specification/14_Release_Management: Set directory modification time (using DirSetModTime)
2026/08/05 02:31:52 INFO  : 01_Business/ZK-Revenue-Ops/09_Software_Specification/11_Search_Filter_System: Set directory modification time (using DirSetModTime)
2026/08/05 02:31:52 INFO  : 01_Business/ZK-Revenue-Ops/10_Digital_Workforce/01_Workforce_Architecture: Set directory modification time (using DirSetModTime)
2026/08/05 02:31:52 INFO  : 01_Business/ZK-Revenue-Ops/09_Software_Specification/13_QA_Testing: Set directory modification time (using DirSetModTime)
2026/08/05 02:31:52 INFO  : 01_Business/ZK-Revenue-Ops/09_Software_Specification/08_Database_Specification: Set directory modification time (using DirSetModTime)
2026/08/05 02:31:52 INFO  : 01_Business/ZK-Revenue-Ops/09_Software_Specification/15_Product_Backlog: Set directory modification time (using DirSetModTime)
2026/08/05 02:31:52 INFO  : 01_Business/ZK-Revenue-Ops/10_Digital_Workforce/02_Agent_Catalog: Set directory modification time (using DirSetModTime)
2026/08/05 02:31:52 INFO  : 01_Business/ZK-Revenue-Ops/09_Software_Specification/12_Security: Set directory modification time (using DirSetModTime)
2026/08/05 02:31:52 INFO  : 01_Business/ZK-Revenue-Ops/10_Digital_Workforce/03_Agent_Specifications: Set directory modification time (using DirSetModTime)
2026/08/05 02:31:52 INFO  : 01_Business/ZK-Revenue-Ops/09_Software_Specification/09_API_Integration: Set directory modification time (using DirSetModTime)
2026/08/05 02:31:52 INFO  : 01_Business/ZK-Revenue-Ops/10_Digital_Workforce/09_Human_AI_Handoff: Set directory modification time (using DirSetModTime)
2026/08/05 02:31:52 INFO  : 01_Business/ZK-Revenue-Ops/10_Digital_Workforce/15_Future_Workforce: Set directory modification time (using DirSetModTime)
2026/08/05 02:31:52 INFO  : 01_Business/ZK-Revenue-Ops/10_Digital_Workforce/04_Agent_Workflows: Set directory modification time (using DirSetModTime)
2026/08/05 02:31:52 INFO  : 01_Business/ZK-Revenue-Ops/10_Digital_Workforce/11_AI_QA: Set directory modification time (using DirSetModTime)
2026/08/05 02:31:52 INFO  : 01_Business/ZK-Revenue-Ops/10_Digital_Workforce/08_Agent_Permissions: Set directory modification time (using DirSetModTime)
2026/08/05 02:31:52 INFO  : 01_Business/ZK-Revenue-Ops/10_Digital_Workforce/10_Agent_Monitoring: Set directory modification time (using DirSetModTime)
2026/08/05 02:31:52 INFO  : 01_Business/ZK-Revenue-Ops/10_Digital_Workforce/12_AI_Security: Set directory modification time (using DirSetModTime)
2026/08/05 02:31:52 INFO  : 01_Business/ZK-Revenue-Ops/10_Digital_Workforce/14_AI_Backlog: Set directory modification time (using DirSetModTime)
2026/08/05 02:31:52 INFO  : 01_Business/ZK-Revenue-Ops/10_Digital_Workforce/07_Agent_Memory: Set directory modification time (using DirSetModTime)
2026/08/05 02:31:52 INFO  : 01_Business/ZK-Revenue-Ops/Sales/Proposals: Set directory modification time (using DirSetModTime)
2026/08/05 02:31:52 INFO  : 01_Business/ZK-Revenue-Ops/10_Digital_Workforce/13_AI_Training: Set directory modification time (using DirSetModTime)
2026/08/05 02:31:52 INFO  : 01_Business/ZK-Revenue-Ops/06_Communication_System/08_Internal_Communication: Set directory modification time (using DirSetModTime)
2026/08/05 02:31:52 INFO  : 01_Business/ZK-Revenue-Ops/10_Digital_Workforce/06_Agent_Tools: Set directory modification time (using DirSetModTime)
2026/08/05 02:31:52 INFO  : 01_Business/ZK-Revenue-Ops/06_Communication_System/09_Notification_System: Set directory modification time (using DirSetModTime)
2026/08/05 02:31:52 INFO  : 01_Business/ZK-Revenue-Ops/10_Digital_Workforce/05_Agent_Knowledge: Set directory modification time (using DirSetModTime)
2026/08/05 02:31:52 INFO  : 01_Business/ZK-Revenue-Ops/06_Communication_System/07_Client_Communication: Set directory modification time (using DirSetModTime)
2026/08/05 02:31:53 INFO  : 01_Business/ZK-Revenue-Ops/07_Reporting_Analytics_System/01_Analytics_Framework: Set directory modification time (using DirSetModTime)
2026/08/05 02:31:53 INFO  : 01_Business/ZK-Revenue-Ops/07_Reporting_Analytics_System/06_Report_Workflow: Set directory modification time (using DirSetModTime)
2026/08/05 02:31:53 INFO  : 01_Business/ZK-Revenue-Ops/07_Reporting_Analytics_System/07_Performance_Analysis: Set directory modification time (using DirSetModTime)
2026/08/05 02:31:53 INFO  : 01_Business/ZK-Revenue-Ops/07_Reporting_Analytics_System/09_Internal_Reporting: Set directory modification time (using DirSetModTime)
2026/08/05 02:31:53 INFO  : 01_Business/ZK-Revenue-Ops/07_Reporting_Analytics_System/10_Data_Quality: Set directory modification time (using DirSetModTime)
2026/08/05 02:31:53 INFO  : 01_Business/ZK-Revenue-Ops/07_Reporting_Analytics_System/03_KPI_System: Set directory modification time (using DirSetModTime)
2026/08/05 02:31:53 INFO  : 01_Business/ZK-Revenue-Ops/06_Communication_System/11_Objection_Handling: Set directory modification time (using DirSetModTime)
2026/08/05 02:31:53 INFO  : 01_Business/ZK-Revenue-Ops/07_Reporting_Analytics_System/05_Report_Templates: Set directory modification time (using DirSetModTime)
2026/08/05 02:31:53 INFO  : 01_Business/ZK-Revenue-Ops/07_Reporting_Analytics_System/11_Future_Analytics: Set directory modification time (using DirSetModTime)
2026/08/05 02:31:53 INFO  : 01_Business/ZK-Revenue-Ops/07_Reporting_Analytics_System/04_Dashboard_Specification: Set directory modification time (using DirSetModTime)
2026/08/05 02:31:53 INFO  : 01_Business/ZK-Revenue-Ops/06_Communication_System/12_Compliance_Privacy: Set directory modification time (using DirSetModTime)
2026/08/05 02:31:53 INFO  : 01_Business/ZK-Revenue-Ops/07_Reporting_Analytics_System/02_Metric_Dictionary: Set directory modification time (using DirSetModTime)
2026/08/05 02:31:53 INFO  : 01_Business/ZK-Revenue-Ops/06_Communication_System/10_Communication_QA: Set directory modification time (using DirSetModTime)
2026/08/05 02:31:53 INFO  : 01_Business/ZK-Revenue-Ops/05_Execution_System/01_SOP_Library: Set directory modification time (using DirSetModTime)
2026/08/05 02:31:53 INFO  : 01_Business/ZK-Revenue-Ops/07_Reporting_Analytics_System/08_Client_Reporting: Set directory modification time (using DirSetModTime)
2026/08/05 02:31:53 INFO  : 01_Business/ZK-Revenue-Ops/05_Execution_System/02_Work_Instructions: Set directory modification time (using DirSetModTime)
2026/08/05 02:31:53 INFO  : 01_Business/ZK-Revenue-Ops/05_Execution_System/05_Templates: Set directory modification time (using DirSetModTime)
2026/08/05 02:31:53 INFO  : 01_Business/ZK-Revenue-Ops/05_Execution_System/03_Checklists: Set directory modification time (using DirSetModTime)
2026/08/05 02:31:53 INFO  : 01_Business/ZK-Revenue-Ops/05_Execution_System/06_SLAs: Set directory modification time (using DirSetModTime)
2026/08/05 02:31:53 INFO  : 01_Business/ZK-Revenue-Ops/05_Execution_System/04_Quality_Assurance: Set directory modification time (using DirSetModTime)
2026/08/05 02:31:53 INFO  : 02_Projects/Active/PRJ-008_Jarvis-Command-Center/public: Set directory modification time (using DirSetModTime)
2026/08/05 02:31:53 INFO  : 01_Business/ZK-Revenue-Ops/05_Execution_System/10_Monthly_Operations: Set directory modification time (using DirSetModTime)
2026/08/05 02:31:53 INFO  : 01_Business/ZK-Revenue-Ops/05_Execution_System/07_Exceptions: Set directory modification time (using DirSetModTime)
2026/08/05 02:31:53 INFO  : 01_Business/ZK-Revenue-Ops/05_Execution_System/09_Weekly_Operations: Set directory modification time (using DirSetModTime)
2026/08/05 02:31:53 INFO  : 01_Business/ZK-Revenue-Ops/05_Execution_System/08_Daily_Operations: Set directory modification time (using DirSetModTime)
2026/08/05 02:31:54 INFO  : 99_Archive/ZK-Nexus-Legacy/03_Projects: Set directory modification time (using DirSetModTime)
2026/08/05 02:31:54 INFO  : 99_Archive/Old-Business-Plans/Digital-Products: Set directory modification time (using DirSetModTime)
2026/08/05 02:31:54 INFO  : 99_Archive/Completed-Projects/PRJ-001_ZK-RevOps-Migration: Set directory modification time (using DirSetModTime)
2026/08/05 02:31:54 INFO  : 99_Archive/ZK-Nexus-Legacy/05_Knowledge: Set directory modification time (using DirSetModTime)
2026/08/05 02:31:54 INFO  : 99_Archive/Completed-Projects/PRJ-002_Workspace-Cleanup: Set directory modification time (using DirSetModTime)
2026/08/05 02:31:54 INFO  : 99_Archive/ZK-Nexus-Legacy/06_Templates: Set directory modification time (using DirSetModTime)
2026/08/05 02:31:54 INFO  : 05_Systems/Console-Portal/public: Set directory modification time (using DirSetModTime)
2026/08/05 02:31:54 INFO  : 06_Resources/Assets/Banners: Set directory modification time (using DirSetModTime)
2026/08/05 02:31:54 INFO  : 99_Archive/Completed-Projects/PRJ-004_Sales-Engine: Set directory modification time (using DirSetModTime)
2026/08/05 02:31:54 INFO  : 06_Resources/Assets/Dashboard: Set directory modification time (using DirSetModTime)
2026/08/05 02:31:54 INFO  : 99_Archive/ZK-Nexus-Legacy/04_SOP: Set directory modification time (using DirSetModTime)
2026/08/05 02:31:54 INFO  : 99_Archive/ZK-Nexus-Legacy/08_RevenueOps: Set directory modification time (using DirSetModTime)
2026/08/05 02:31:54 INFO  : 99_Archive/ZK-Nexus-Legacy/02_AI_Workers: Set directory modification time (using DirSetModTime)
2026/08/05 02:31:54 INFO  : 99_Archive/ZK-Nexus-Legacy/01_Dashboard: Set directory modification time (using DirSetModTime)
2026/08/05 02:31:54 INFO  : 99_Archive/ZK-Nexus-Legacy/09_Automation: Set directory modification time (using DirSetModTime)
2026/08/05 02:31:54 INFO  : 99_Archive/Completed-Projects/PRJ-003_Business-Readiness: Set directory modification time (using DirSetModTime)
2026/08/05 02:31:55 INFO  : 01_Business/ZK-Revenue-Ops/05_Execution_System: Set directory modification time (using DirSetModTime)
2026/08/05 02:31:55 INFO  : 01_Business/ZK-Revenue-Ops/00_Foundation: Set directory modification time (using DirSetModTime)
2026/08/05 02:31:55 INFO  : 01_Business/ZK-Revenue-Ops/Leads: Set directory modification time (using DirSetModTime)
2026/08/05 02:31:55 INFO  : 01_Business/ZK-Revenue-Ops/03_Information_Architecture: Set directory modification time (using DirSetModTime)
2026/08/05 02:31:55 INFO  : 01_Business/ZK-Revenue-Ops/08_Automation_System: Set directory modification time (using DirSetModTime)
2026/08/05 02:31:55 INFO  : 01_Business/ZK-Revenue-Ops/09_Software_Specification: Set directory modification time (using DirSetModTime)
2026/08/05 02:31:55 INFO  : 01_Business/ZK-Revenue-Ops/02_Governance: Set directory modification time (using DirSetModTime)
2026/08/05 02:31:55 INFO  : 01_Business/ZK-Revenue-Ops/Legal: Set directory modification time (using DirSetModTime)
2026/08/05 02:31:55 INFO  : 01_Business/ZK-Revenue-Ops/07_Reporting_Analytics_System: Set directory modification time (using DirSetModTime)
2026/08/05 02:31:55 INFO  : 01_Business/ZK-Revenue-Ops/06_Communication_System: Set directory modification time (using DirSetModTime)
2026/08/05 02:31:55 INFO  : 01_Business/ZK-Revenue-Ops/Client-Delivery: Set directory modification time (using DirSetModTime)
2026/08/05 02:31:55 INFO  : 01_Business/DAE-Ecosystem/Strategy: Set directory modification time (using DirSetModTime)
2026/08/05 02:31:55 INFO  : 01_Business/ZK-Revenue-Ops/Finance: Set directory modification time (using DirSetModTime)
2026/08/05 02:31:55 INFO  : 01_Business/ZK-Revenue-Ops/04_Operational_Workflow_Engine: Set directory modification time (using DirSetModTime)
2026/08/05 02:31:55 INFO  : 01_Business/ZK-Revenue-Ops/Marketing: Set directory modification time (using DirSetModTime)
2026/08/05 02:31:55 INFO  : 01_Business/ZK-Revenue-Ops/10_Digital_Workforce: Set directory modification time (using DirSetModTime)
2026/08/05 02:31:55 INFO  : 02_Projects/Active/PRJ-008_Jarvis-Command-Center: Set directory modification time (using DirSetModTime)
2026/08/05 02:31:55 INFO  : 01_Business/ZK-Revenue-Ops/Operations: Set directory modification time (using DirSetModTime)
2026/08/05 02:31:55 INFO  : 01_Business/ZK-Revenue-Ops/Reports: Set directory modification time (using DirSetModTime)
2026/08/05 02:31:55 INFO  : 01_Business/ZK-Revenue-Ops/Sales: Set directory modification time (using DirSetModTime)
2026/08/05 02:31:55 INFO  : 01_Business/ZK-Revenue-Ops/Services: Set directory modification time (using DirSetModTime)
2026/08/05 02:31:55 INFO  : 01_Business/ZK-Revenue-Ops/Strategy: Set directory modification time (using DirSetModTime)
2026/08/05 02:31:55 INFO  : 01_Business/ZK-Revenue-Ops/Offers: Set directory modification time (using DirSetModTime)
2026/08/05 02:31:56 INFO  : 01_Business/ZK-Revenue-Ops/Pricing: Set directory modification time (using DirSetModTime)
2026/08/05 02:31:56 INFO  : 04_Workforce/Constitution: Set directory modification time (using DirSetModTime)
2026/08/05 02:31:56 INFO  : 07_Templates/Reports: Set directory modification time (using DirSetModTime)
2026/08/05 02:31:56 INFO  : 04_Workforce/AI: Set directory modification time (using DirSetModTime)
2026/08/05 02:31:56 INFO  : 07_Templates/Proposal: Set directory modification time (using DirSetModTime)
2026/08/05 02:31:56 INFO  : 99_Archive/Legacy-GAS-Code: Set directory modification time (using DirSetModTime)
2026/08/05 02:31:56 INFO  : .github/workflows: Set directory modification time (using DirSetModTime)
2026/08/05 02:31:56 INFO  : 99_Archive/Previous-Versions: Set directory modification time (using DirSetModTime)
2026/08/05 02:31:56 INFO  : 07_Templates/Email: Set directory modification time (using DirSetModTime)
2026/08/05 02:31:56 INFO  : 04_Workforce/AI-OS: Set directory modification time (using DirSetModTime)
2026/08/05 02:31:56 INFO  : 07_Templates/Spreadsheet: Set directory modification time (using DirSetModTime)
2026/08/05 02:31:56 INFO  : 99_Archive/Completed-Projects: Set directory modification time (using DirSetModTime)
2026/08/05 02:31:56 INFO  : 99_Archive/Old-Business-Plans: Set directory modification time (using DirSetModTime)
2026/08/05 02:31:56 INFO  : 07_Templates/SOP: Set directory modification time (using DirSetModTime)
2026/08/05 02:31:56 INFO  : 99_Archive/ZK-Nexus-Legacy: Set directory modification time (using DirSetModTime)
2026/08/05 02:31:56 INFO  : 04_Workforce/Roles: Set directory modification time (using DirSetModTime)
2026/08/05 02:31:56 INFO  : 07_Templates/Prompt: Set directory modification time (using DirSetModTime)
2026/08/05 02:31:57 INFO  : 03_Knowledge/Sales: Set directory modification time (using DirSetModTime)
2026/08/05 02:31:57 INFO  : 05_Systems/Ingestion: Set directory modification time (using DirSetModTime)
2026/08/05 02:31:57 INFO  : 05_Systems/App: Set directory modification time (using DirSetModTime)
2026/08/05 02:31:57 INFO  : 03_Knowledge/SOPs: Set directory modification time (using DirSetModTime)
2026/08/05 02:31:57 INFO  : 06_Resources/Assets: Set directory modification time (using DirSetModTime)
2026/08/05 02:31:57 INFO  : 05_Systems/Automation: Set directory modification time (using DirSetModTime)
2026/08/05 02:31:57 INFO  : 03_Knowledge/Marketing: Set directory modification time (using DirSetModTime)
2026/08/05 02:31:57 INFO  : 06_Resources/Promotional-Posters: Set directory modification time (using DirSetModTime)
2026/08/05 02:31:57 INFO  : 05_Systems/Integrations: Set directory modification time (using DirSetModTime)
2026/08/05 02:31:57 INFO  : 03_Knowledge/Finance: Set directory modification time (using DirSetModTime)
2026/08/05 02:31:57 INFO  : 05_Systems/Console-Portal: Set directory modification time (using DirSetModTime)
2026/08/05 02:31:57 INFO  : 03_Knowledge/Legal: Set directory modification time (using DirSetModTime)
2026/08/05 02:31:57 INFO  : 04_Workforce/Rules: Set directory modification time (using DirSetModTime)
2026/08/05 02:31:57 INFO  : 05_Systems/Databases: Set directory modification time (using DirSetModTime)
2026/08/05 02:31:57 INFO  : 05_Systems/Scripts: Set directory modification time (using DirSetModTime)
2026/08/05 02:31:57 INFO  : 05_Systems/Database: Set directory modification time (using DirSetModTime)
2026/08/05 02:31:57 INFO  : 08_Logs/Decision-Logs: Set directory modification time (using DirSetModTime)
2026/08/05 02:31:57 INFO  : 08_Logs/Daily-Logs: Set directory modification time (using DirSetModTime)
2026/08/05 02:31:57 INFO  : 02_Projects/Active: Set directory modification time (using SetModTime)
2026/08/05 02:31:57 INFO  : 08_Logs/AI-Logs: Set directory modification time (using DirSetModTime)
2026/08/05 02:31:57 INFO  : 01_Business/DAE-Ecosystem: Set directory modification time (using DirSetModTime)
2026/08/05 02:31:57 INFO  : 01_Business/Strategy: Set directory modification time (using DirSetModTime)
2026/08/05 02:31:57 INFO  : 01_Business/ZK-Revenue-Ops: Set directory modification time (using DirSetModTime)
2026/08/05 02:31:58 INFO  : 03_Knowledge: Set directory modification time (using DirSetModTime)
2026/08/05 02:32:00 INFO  : 04_Workforce: Set directory modification time (using DirSetModTime)
2026/08/05 02:32:00 INFO  : 06_Resources: Set directory modification time (using DirSetModTime)
2026/08/05 02:32:00 INFO  : 08_Logs: Set directory modification time (using SetModTime)
2026/08/05 02:32:00 INFO  : 99_Archive: Set directory modification time (using DirSetModTime)
2026/08/05 02:32:00 INFO  : 00_Command Center: Set directory modification time (using SetModTime)
2026/08/05 02:32:00 INFO  : 02_Projects: Set directory modification time (using SetModTime)
2026/08/05 02:32:00 INFO  : .github: Set directory modification time (using DirSetModTime)
2026/08/05 02:32:00 INFO  : 07_Templates: Set directory modification time (using DirSetModTime)
2026/08/05 02:32:00 INFO  : 05_Systems: Set directory modification time (using DirSetModTime)
2026/08/05 02:32:00 INFO  : 01_Business: Set directory modification time (using SetModTime)
2026/08/05 02:32:00 ERROR : Attempt 1/3 failed with 1 errors and: corrupted on transfer: md5 hashes differ src(Local file system at //?/C:/Users/Dell/Documents/Projects ZK Nexus) "e791c0ddda0b708a50422df0e64c2059" vs dst(Google drive root 'ZK Nexus Workspace') "f291d2b589be2d935dd2856e327ac24b"
2026/08/05 02:32:35 INFO  : 08_Logs: Set directory modification time (using SetModTime)
2026/08/05 02:32:38 INFO  : 08_Logs/gdrive-sync-20260805-0212.log: Copied (new)
2026/08/05 02:32:54 INFO  : 08_Logs: Set directory modification time (using SetModTime)
2026/08/05 02:32:54 ERROR : Attempt 2/3 succeeded
2026/08/05 02:32:54 INFO  : 
Transferred:   	  605.386 MiB / 605.386 MiB, 100%, 8.453 KiB/s, ETA 0s
Checks:               455 / 455, 100%, Listed 2077
Transferred:          456 / 456, 100%
Elapsed time:     20m11.7s

